Component: ARM Compiler 5.05 update 1 (build 106) Tool: armlink [4d0efa]

==============================================================================

Section Cross References

    startup_stm32f10x_hd.o(STACK) refers (Special) to heapauxi.o(.text) for __use_two_region_memory
    startup_stm32f10x_hd.o(HEAP) refers (Special) to heapauxi.o(.text) for __use_two_region_memory
    startup_stm32f10x_hd.o(RESET) refers (Special) to heapauxi.o(.text) for __use_two_region_memory
    startup_stm32f10x_hd.o(RESET) refers to startup_stm32f10x_hd.o(.text) for Reset_Handler
    startup_stm32f10x_hd.o(RESET) refers to wdg.o(.text) for WWDG_IRQHandler
    startup_stm32f10x_hd.o(RESET) refers to timer.o(.text) for TIM2_IRQHandler
    startup_stm32f10x_hd.o(RESET) refers to usart.o(.text) for USART1_IRQHandler
    startup_stm32f10x_hd.o(.text) refers (Special) to heapauxi.o(.text) for __use_two_region_memory
    startup_stm32f10x_hd.o(.text) refers to startup_stm32f10x_hd.o(STACK) for __initial_sp
    startup_stm32f10x_hd.o(.text) refers to __main.o(!!!main) for __main
    startup_stm32f10x_hd.o(.text) refers to startup_stm32f10x_hd.o(HEAP) for Heap_Mem
    test.o(.text) refers to sys.o(.text) for Stm32_Clock_Init
    test.o(.text) refers to delay.o(.text) for delay_init
    test.o(.text) refers to usart.o(.text) for uart_init
    test.o(.text) refers to rs485.o(.text) for RS485_Init
    test.o(.text) refers to timer.o(.text) for TIM3_Init
    test.o(.text) refers to wdg.o(.text) for IWDG_Init
    test.o(.text) refers to led.o(.text) for LED_Init
    test.o(.text) refers to iic.o(.text) for IIC_GPIO_Init
    test.o(.text) refers to spi.o(.text) for SPIx_Init
    test.o(.text) refers to config.o(.text) for Read_config
    test.o(.text) refers to ds1307.o(.text) for DS1307_Time_Init
    test.o(.text) refers to entdata.o(.text) for NET_Receive_Data
    test.o(.text) refers to rt_memclr_w.o(.text) for __aeabi_memclr4
    test.o(.text) refers to ds1307.o(.data) for TimeValue
    config.o(.text) refers to _printf_percent.o(.ARM.Collect$$_printf_percent$$00000000) for _printf_percent
    config.o(.text) refers to _printf_d.o(.ARM.Collect$$_printf_percent$$00000009) for _printf_d
    config.o(.text) refers to _printf_dec.o(.text) for _printf_int_dec
    config.o(.text) refers to _printf_x.o(.ARM.Collect$$_printf_percent$$0000000C) for _printf_x
    config.o(.text) refers to _printf_hex_int.o(.text) for _printf_longlong_hex
    config.o(.text) refers to rs485.o(.text) for RS485_Write_Data
    config.o(.text) refers to delay.o(.text) for delay_ms
    config.o(.text) refers to noretval__2printf.o(.text) for __2printf
    config.o(.text) refers to rt_memclr_w.o(.text) for __aeabi_memclr4
    config.o(.text) refers to rt_memclr.o(.text) for __aeabi_memclr
    config.o(.text) refers to aeabi_memset.o(.text) for __aeabi_memset
    config.o(.text) refers to flash.o(.text) for FramReadByte
    config.o(.text) refers to rt_memcpy_w.o(.text) for __aeabi_memcpy4
    config.o(.text) refers to entdata.o(.bss) for BASIC_CONF
    config.o(.text) refers to rs485.o(.data) for RS485_CNT
    config.o(.text) refers to rs485.o(.bss) for RS485_BUF
    config.o(.text) refers to config.o(.bss) for STAGE_32_CONF
    config.o(.text) refers to control.o(.bss) for Phones_Data
    config.o(.text) refers to config.o(.data) for Car_no
    config.o(.text) refers to ds1307.o(.bss) for STAGE_COMM
    config.o(.text) refers to flash.o(.data) for LOG_ADDR_P
    config.o(.text) refers to config.o(.constdata) for .constdata
    config.o(.text) refers to wdg.o(.text) for IWDG_Feed
    config.o(.text) refers to ds1307.o(.text) for daydiff
    config.o(.text) refers to control.o(.text) for Phase_cl
    config.o(.text) refers to control.o(.data) for Start_flag
    config.o(.text) refers to timer.o(.data) for Second
    config.o(.text) refers to ds1307.o(.data) for TimeValue
    control.o(.text) refers to _printf_percent.o(.ARM.Collect$$_printf_percent$$00000000) for _printf_percent
    control.o(.text) refers to _printf_x.o(.ARM.Collect$$_printf_percent$$0000000C) for _printf_x
    control.o(.text) refers to _printf_hex_int.o(.text) for _printf_longlong_hex
    control.o(.text) refers to rs485.o(.text) for Send_APhase
    control.o(.text) refers to delay.o(.text) for delay_ms
    control.o(.text) refers to wdg.o(.text) for IWDG_Feed
    control.o(.text) refers to config.o(.text) for Time_ana_start
    control.o(.text) refers to control.o(.bss) for Phones_Data
    control.o(.text) refers to entdata.o(.bss) for BASIC_CONF
    control.o(.text) refers to timer.o(.data) for Second
    control.o(.text) refers to config.o(.bss) for STAGE_32_CONF
    control.o(.text) refers to control.o(.data) for Phase_ch
    control.o(.text) refers to config.o(.data) for Car_no
    control.o(.text) refers to noretval__2printf.o(.text) for __2printf
    entdata.o(.text) refers to _printf_percent.o(.ARM.Collect$$_printf_percent$$00000000) for _printf_percent
[...]
    _printf_char_file.o(.text) refers to usart.o(.text) for fputc
    fnaninf.o(x$fpl$fnaninf) refers (Special) to usenofp.o(x$fpl$usenofp) for __I$use$fp
    fretinf.o(x$fpl$fretinf) refers (Special) to usenofp.o(x$fpl$usenofp) for __I$use$fp
    __rtentry2.o(.ARM.Collect$$rtentry$$00000008) refers to boardinit2.o(.text) for _platform_post_stackheap_init
    __rtentry2.o(.ARM.Collect$$rtentry$$0000000A) refers to libinit.o(.ARM.Collect$$libinit$$00000000) for __rt_lib_init
    __rtentry2.o(.ARM.Collect$$rtentry$$0000000B) refers to boardinit3.o(.text) for _platform_post_lib_init
    __rtentry2.o(.ARM.Collect$$rtentry$$0000000D) refers to test.o(.text) for main
    __rtentry2.o(.ARM.Collect$$rtentry$$0000000D) refers to exit.o(.text) for exit
    __rtentry2.o(.ARM.exidx) refers to __rtentry2.o(.ARM.Collect$$rtentry$$00000001) for .ARM.Collect$$rtentry$$00000001
    __rtentry2.o(.ARM.exidx) refers to __rtentry2.o(.ARM.Collect$$rtentry$$00000008) for .ARM.Collect$$rtentry$$00000008
    __rtentry2.o(.ARM.exidx) refers to __rtentry2.o(.ARM.Collect$$rtentry$$0000000A) for .ARM.Collect$$rtentry$$0000000A
    __rtentry2.o(.ARM.exidx) refers to __rtentry2.o(.ARM.Collect$$rtentry$$0000000B) for .ARM.Collect$$rtentry$$0000000B
    __rtentry2.o(.ARM.exidx) refers to __rtentry2.o(.ARM.Collect$$rtentry$$0000000D) for .ARM.Collect$$rtentry$$0000000D
    __rtentry4.o(.ARM.Collect$$rtentry$$00000004) refers to sys_stackheap_outer.o(.text) for __user_setup_stackheap
    __rtentry4.o(.ARM.exidx) refers to __rtentry4.o(.ARM.Collect$$rtentry$$00000004) for .ARM.Collect$$rtentry$$00000004
    _printf_char_common.o(.text) refers to __printf.o(.text) for __printf
    sys_stackheap_outer.o(.text) refers to libspace.o(.text) for __user_perproc_libspace
    sys_stackheap_outer.o(.text) refers to startup_stm32f10x_hd.o(.text) for __user_initial_stackheap
    exit.o(.text) refers to rtexit.o(.ARM.Collect$$rtexit$$00000000) for __rt_exit
    libinit.o(.ARM.Collect$$libinit$$00000000) refers (Special) to libinit2.o(.ARM.Collect$$libinit$$0000002E) for __rt_lib_init_alloca_1
    libinit.o(.ARM.Collect$$libinit$$00000000) refers (Special) to libinit2.o(.ARM.Collect$$libinit$$0000002C) for __rt_lib_init_argv_1
    libinit.o(.ARM.Collect$$libinit$$00000000) refers (Special) to libinit2.o(.ARM.Collect$$libinit$$0000001B) for __rt_lib_init_atexit_1
    libinit.o(.ARM.Collect$$libinit$$00000000) refers (Special) to libinit2.o(.ARM.Collect$$libinit$$00000021) for __rt_lib_init_clock_1
    libinit.o(.ARM.Collect$$libinit$$00000000) refers (Special) to libinit2.o(.ARM.Collect$$libinit$$00000032) for __rt_lib_init_cpp_1
    libinit.o(.ARM.Collect$$libinit$$00000000) refers (Special) to libinit2.o(.ARM.Collect$$libinit$$00000030) for __rt_lib_init_exceptions_1
    libinit.o(.ARM.Collect$$libinit$$00000000) refers (Special) to libinit2.o(.ARM.Collect$$libinit$$00000002) for __rt_lib_init_fp_1
    libinit.o(.ARM.Collect$$libinit$$00000000) refers (Special) to libinit2.o(.ARM.Collect$$libinit$$0000001F) for __rt_lib_init_fp_trap_1
    libinit.o(.ARM.Collect$$libinit$$00000000) refers (Special) to libinit2.o(.ARM.Collect$$libinit$$00000023) for __rt_lib_init_getenv_1
    libinit.o(.ARM.Collect$$libinit$$00000000) refers (Special) to libinit2.o(.ARM.Collect$$libinit$$0000000A) for __rt_lib_init_heap_1
    libinit.o(.ARM.Collect$$libinit$$00000000) refers (Special) to libinit2.o(.ARM.Collect$$libinit$$00000011) for __rt_lib_init_lc_collate_1
    libinit.o(.ARM.Collect$$libinit$$00000000) refers (Special) to libinit2.o(.ARM.Collect$$libinit$$00000013) for __rt_lib_init_lc_ctype_1
    libinit.o(.ARM.Collect$$libinit$$00000000) refers (Special) to libinit2.o(.ARM.Collect$$libinit$$00000015) for __rt_lib_init_lc_monetary_1
    libinit.o(.ARM.Collect$$libinit$$00000000) refers (Special) to libinit2.o(.ARM.Collect$$libinit$$00000017) for __rt_lib_init_lc_numeric_1
    libinit.o(.ARM.Collect$$libinit$$00000000) refers (Special) to libinit2.o(.ARM.Collect$$libinit$$00000019) for __rt_lib_init_lc_time_1
    libinit.o(.ARM.Collect$$libinit$$00000000) refers (Special) to libinit2.o(.ARM.Collect$$libinit$$00000004) for __rt_lib_init_preinit_1
    libinit.o(.ARM.Collect$$libinit$$00000000) refers (Special) to libinit2.o(.ARM.Collect$$libinit$$0000000E) for __rt_lib_init_rand_1
    libinit.o(.ARM.Collect$$libinit$$00000000) refers (Special) to libinit2.o(.ARM.Collect$$libinit$$00000033) for __rt_lib_init_return
    libinit.o(.ARM.Collect$$libinit$$00000000) refers (Special) to libinit2.o(.ARM.Collect$$libinit$$0000001D) for __rt_lib_init_signal_1
    libinit.o(.ARM.Collect$$libinit$$00000000) refers (Special) to libinit2.o(.ARM.Collect$$libinit$$00000025) for __rt_lib_init_stdio_1
    libinit.o(.ARM.Collect$$libinit$$00000000) refers (Special) to libinit2.o(.ARM.Collect$$libinit$$0000000C) for __rt_lib_init_user_alloc_1
    libspace.o(.text) refers to libspace.o(.bss) for __libspace_start
    rtexit.o(.ARM.Collect$$rtexit$$00000000) refers (Special) to rtexit2.o(.ARM.Collect$$rtexit$$00000004) for __rt_exit_exit
    rtexit.o(.ARM.Collect$$rtexit$$00000000) refers (Special) to rtexit2.o(.ARM.Collect$$rtexit$$00000003) for __rt_exit_ls
    rtexit.o(.ARM.Collect$$rtexit$$00000000) refers (Special) to rtexit2.o(.ARM.Collect$$rtexit$$00000002) for __rt_exit_prels_1
    rtexit.o(.ARM.exidx) refers (Special) to rtexit2.o(.ARM.Collect$$rtexit$$00000004) for __rt_exit_exit
    rtexit.o(.ARM.exidx) refers (Special) to rtexit2.o(.ARM.Collect$$rtexit$$00000003) for __rt_exit_ls
    rtexit.o(.ARM.exidx) refers (Special) to rtexit2.o(.ARM.Collect$$rtexit$$00000002) for __rt_exit_prels_1
    rtexit.o(.ARM.exidx) refers to rtexit.o(.ARM.Collect$$rtexit$$00000000) for .ARM.Collect$$rtexit$$00000000
    libinit2.o(.ARM.Collect$$libinit$$00000010) refers to libinit2.o(.ARM.Collect$$libinit$$0000000F) for .ARM.Collect$$libinit$$0000000F
    libinit2.o(.ARM.Collect$$libinit$$00000012) refers to libinit2.o(.ARM.Collect$$libinit$$0000000F) for .ARM.Collect$$libinit$$0000000F
    libinit2.o(.ARM.Collect$$libinit$$00000014) refers to libinit2.o(.ARM.Collect$$libinit$$0000000F) for .ARM.Collect$$libinit$$0000000F
    libinit2.o(.ARM.Collect$$libinit$$00000016) refers to libinit2.o(.ARM.Collect$$libinit$$0000000F) for .ARM.Collect$$libinit$$0000000F
    libinit2.o(.ARM.Collect$$libinit$$00000018) refers to libinit2.o(.ARM.Collect$$libinit$$0000000F) for .ARM.Collect$$libinit$$0000000F
    libinit2.o(.ARM.Collect$$libinit$$00000026) refers to argv_veneer.o(.emb_text) for __ARM_argv_veneer
    libinit2.o(.ARM.Collect$$libinit$$00000027) refers to argv_veneer.o(.emb_text) for __ARM_argv_veneer
    rtexit2.o(.ARM.Collect$$rtexit$$00000003) refers to libshutdown.o(.ARM.Collect$$libshutdown$$00000000) for __rt_lib_shutdown
    rtexit2.o(.ARM.Collect$$rtexit$$00000004) refers to usart.o(.text) for _sys_exit
    rtexit2.o(.ARM.exidx) refers to rtexit2.o(.ARM.Collect$$rtexit$$00000001) for .ARM.Collect$$rtexit$$00000001
    rtexit2.o(.ARM.exidx) refers to rtexit2.o(.ARM.Collect$$rtexit$$00000003) for .ARM.Collect$$rtexit$$00000003
    rtexit2.o(.ARM.exidx) refers to rtexit2.o(.ARM.Collect$$rtexit$$00000004) for .ARM.Collect$$rtexit$$00000004
    argv_veneer.o(.emb_text) refers to no_argv.o(.text) for __ARM_get_argv
    _get_argv_nomalloc.o(.text) refers (Special) to hrguard.o(.text) for __heap_region$guard
    _get_argv_nomalloc.o(.text) refers to defsig_rtmem_outer.o(.text) for __rt_SIGRTMEM
    _get_argv_nomalloc.o(.text) refers to sys_command.o(.text) for _sys_command_string
    libshutdown.o(.ARM.Collect$$libshutdown$$00000000) refers (Special) to libshutdown2.o(.ARM.Collect$$libshutdown$$00000006) for __rt_lib_shutdown_fp_trap_1
    libshutdown.o(.ARM.Collect$$libshutdown$$00000000) refers (Special) to libshutdown2.o(.ARM.Collect$$libshutdown$$0000000E) for __rt_lib_shutdown_heap_1
    libshutdown.o(.ARM.Collect$$libshutdown$$00000000) refers (Special) to libshutdown2.o(.ARM.Collect$$libshutdown$$0000000F) for __rt_lib_shutdown_return
    libshutdown.o(.ARM.Collect$$libshutdown$$00000000) refers (Special) to libshutdown2.o(.ARM.Collect$$libshutdown$$00000009) for __rt_lib_shutdown_signal_1
    libshutdown.o(.ARM.Collect$$libshutdown$$00000000) refers (Special) to libshutdown2.o(.ARM.Collect$$libshutdown$$00000003) for __rt_lib_shutdown_stdio_1
    libshutdown.o(.ARM.Collect$$libshutdown$$00000000) refers (Special) to libshutdown2.o(.ARM.Collect$$libshutdown$$0000000B) for __rt_lib_shutdown_user_alloc_1
    sys_command.o(.text) refers (Special) to use_no_semi.o(.text) for __I$use$semihosting
    sys_command.o(.text) refers (Special) to indicate_semi.o(.text) for __semihosting_library_function
    defsig_rtmem_outer.o(.text) refers to defsig_rtmem_inner.o(.text) for __rt_SIGRTMEM_inner
    defsig_rtmem_outer.o(.text) refers to defsig_exit.o(.text) for __sig_exit
    defsig_rtmem_formal.o(.text) refers to rt_raise.o(.text) for __rt_raise
    rt_raise.o(.text) refers to __raise.o(.text) for __raise
    rt_raise.o(.text) refers to usart.o(.text) for _sys_exit
    defsig_exit.o(.text) refers to usart.o(.text) for _sys_exit
    defsig_rtmem_inner.o(.text) refers to defsig_general.o(.text) for __default_signal_display
    __raise.o(.text) refers to defsig.o(CL$$defsig) for __default_signal_handler
    defsig_general.o(.text) refers to sys_wrch.o(.text) for _ttywrch
    sys_wrch.o(.text) refers (Special) to use_no_semi.o(.text) for __I$use$semihosting
    sys_wrch.o(.text) refers (Special) to indicate_semi.o(.text) for __semihosting_library_function
    defsig.o(CL$$defsig) refers to defsig_rtmem_inner.o(.text) for __rt_SIGRTMEM_inner
    defsig_abrt_inner.o(.text) refers to defsig_general.o(.text) for __default_signal_display
    defsig_fpe_inner.o(.text) refers to defsig_general.o(.text) for __default_signal_display
    defsig_rtred_inner.o(.text) refers to defsig_general.o(.text) for __default_signal_display
    defsig_stak_inner.o(.text) refers to defsig_general.o(.text) for __default_signal_display
    defsig_pvfn_inner.o(.text) refers to defsig_general.o(.text) for __default_signal_display
    defsig_cppl_inner.o(.text) refers to defsig_general.o(.text) for __default_signal_display
    defsig_segv_inner.o(.text) refers to defsig_general.o(.text) for __default_signal_display
    defsig_other.o(.text) refers to defsig_general.o(.text) for __default_signal_display


==============================================================================

Image Symbol Table

    Local Symbols

    Symbol Name                              Value     Ov Type        Size  Object(Section)

    ../clib/angel/boardlib.s                 0x00000000   Number         0  boardinit2.o ABSOLUTE
    ../clib/angel/boardlib.s                 0x00000000   Number         0  boardinit1.o ABSOLUTE
    ../clib/angel/boardlib.s                 0x00000000   Number         0  boardinit3.o ABSOLUTE
    ../clib/angel/boardlib.s                 0x00000000   Number         0  boardshut.o ABSOLUTE
    ../clib/angel/handlers.s                 0x00000000   Number         0  __scatter_copy.o ABSOLUTE
    ../clib/angel/handlers.s                 0x00000000   Number         0  __scatter_zi.o ABSOLUTE
    ../clib/angel/kernel.s                   0x00000000   Number         0  __rtentry.o ABSOLUTE
    ../clib/angel/kernel.s                   0x00000000   Number         0  rtexit2.o ABSOLUTE
    ../clib/angel/kernel.s                   0x00000000   Number         0  __rtentry2.o ABSOLUTE
    ../clib/angel/kernel.s                   0x00000000   Number         0  rtexit.o ABSOLUTE
    ../clib/angel/kernel.s                   0x00000000   Number         0  __rtentry4.o ABSOLUTE
    ../clib/angel/rt.s                       0x00000000   Number         0  rt_raise.o ABSOLUTE
    ../clib/angel/scatter.s                  0x00000000   Number         0  __scatter.o ABSOLUTE
    ../clib/angel/startup.s                  0x00000000   Number         0  __main.o ABSOLUTE
    ../clib/angel/sys.s                      0x00000000   Number         0  sys_stackheap_outer.o ABSOLUTE
    ../clib/angel/sys.s                      0x00000000   Number         0  libspace.o ABSOLUTE
    ../clib/angel/sys.s                      0x00000000   Number         0  use_no_semi_2.o ABSOLUTE
    ../clib/angel/sys.s                      0x00000000   Number         0  use_no_semi.o ABSOLUTE
    ../clib/angel/sys.s                      0x00000000   Number         0  indicate_semi.o ABSOLUTE
    ../clib/angel/sysapp.c                   0x00000000   Number         0  sys_wrch.o ABSOLUTE
    ../clib/angel/sysapp.c                   0x00000000   Number         0  sys_command.o ABSOLUTE
    ../clib/armsys.c                         0x00000000   Number         0  argv_veneer.o ABSOLUTE
    ../clib/armsys.c                         0x00000000   Number         0  argv_veneer.o ABSOLUTE
    ../clib/armsys.c                         0x00000000   Number         0  no_argv.o ABSOLUTE
    ../clib/armsys.c                         0x00000000   Number         0  _get_argv_nomalloc.o ABSOLUTE
    ../clib/heapalloc.c                      0x00000000   Number         0  hrguard.o ABSOLUTE
    ../clib/heapaux.c                        0x00000000   Number         0  heapauxi.o ABSOLUTE
    ../clib/libinit.s                        0x00000000   Number         0  libshutdown.o ABSOLUTE
    ../clib/libinit.s                        0x00000000   Number         0  libinit2.o ABSOLUTE
    ../clib/libinit.s                        0x00000000   Number         0  libinit.o ABSOLUTE
    ../clib/libinit.s                        0x00000000   Number         0  libshutdown2.o ABSOLUTE
    ../clib/memcpset.s                       0x00000000   Number         0  aeabi_memset.o ABSOLUTE
    ../clib/memcpset.s                       0x00000000   Number         0  rt_memclr.o ABSOLUTE
    ../clib/memcpset.s                       0x00000000   Number         0  rt_memclr_w.o ABSOLUTE
    ../clib/memcpset.s                       0x00000000   Number         0  rt_memcpy_w.o ABSOLUTE
    ../clib/memcpset.s                       0x00000000   Number         0  strcmpv7m.o ABSOLUTE
    ../clib/printf.c                         0x00000000   Number         0  __printf.o ABSOLUTE
    ../clib/printf.c                         0x00000000   Number         0  __printf_nopercent.o ABSOLUTE
    ../clib/printf.c                         0x00000000   Number         0  noretval__2printf.o ABSOLUTE
    ../clib/printf.c                         0x00000000   Number         0  __2printf.o ABSOLUTE
    ../clib/printf.c                         0x00000000   Number         0  _printf_intcommon.o ABSOLUTE
    ../clib/printf.c                         0x00000000   Number         0  _printf_str.o ABSOLUTE
    ../clib/printf.c                         0x00000000   Number         0  _printf_char_file.o ABSOLUTE
    ../clib/printf.c                         0x00000000   Number         0  _printf_char.o ABSOLUTE
    ../clib/printf.c                         0x00000000   Number         0  _printf_dec.o ABSOLUTE
    ../clib/printf.c                         0x00000000   Number         0  _printf_hex_ll.o ABSOLUTE
    ../clib/printf.c                         0x00000000   Number         0  _printf_hex_int.o ABSOLUTE
    ../clib/printf.c                         0x00000000   Number         0  _printf_hex_int_ll.o ABSOLUTE
    ../clib/printf.c                         0x00000000   Number         0  _printf_hex_ptr.o ABSOLUTE
    ../clib/printf.c                         0x00000000   Number         0  _printf_hex_int_ptr.o ABSOLUTE
    ../clib/printf.c                         0x00000000   Number         0  _printf_hex_ll_ptr.o ABSOLUTE
    ../clib/printf.c                         0x00000000   Number         0  _printf_hex_int_ll_ptr.o ABSOLUTE
    ../clib/printf.c                         0x00000000   Number         0  __printf_flags.o ABSOLUTE
    ../clib/printf.c                         0x00000000   Number         0  __printf_ss.o ABSOLUTE
    ../clib/printf.c                         0x00000000   Number         0  __printf_wp.o ABSOLUTE
    ../clib/printf.c                         0x00000000   Number         0  __printf_flags_wp.o ABSOLUTE
    ../clib/printf.c                         0x00000000   Number         0  __printf_ss_wp.o ABSOLUTE
    ../clib/printf.c                         0x00000000   Number         0  __printf_flags_ss_wp.o ABSOLUTE
    ../clib/printf.c                         0x00000000   Number         0  _printf_char_common.o ABSOLUTE
    ../clib/printf.c                         0x00000000   Number         0  __printf_flags_ss.o ABSOLUTE
    ../clib/printf_percent.s                 0x00000000   Number         0  _printf_percent_end.o ABSOLUTE
    ../clib/printf_percent.s                 0x00000000   Number         0  _printf_percent.o ABSOLUTE
    ../clib/printf_percent.s                 0x00000000   Number         0  _printf_x.o ABSOLUTE
    ../clib/printf_percent.s                 0x00000000   Number         0  _printf_s.o ABSOLUTE
    ../clib/printf_percent.s                 0x00000000   Number         0  _printf_d.o ABSOLUTE
    ../clib/signal.c                         0x00000000   Number         0  defsig_exit.o ABSOLUTE
    ../clib/signal.c                         0x00000000   Number         0  defsig_rtmem_outer.o ABSOLUTE
    ../clib/signal.c                         0x00000000   Number         0  defsig_rtmem_inner.o ABSOLUTE
    ../clib/signal.c                         0x00000000   Number         0  __raise.o ABSOLUTE
    ../clib/signal.c                         0x00000000   Number         0  defsig_general.o ABSOLUTE
    ../clib/signal.c                         0x00000000   Number         0  defsig_abrt_inner.o ABSOLUTE
    ../clib/signal.c                         0x00000000   Number         0  defsig_fpe_inner.o ABSOLUTE
    ../clib/signal.c                         0x00000000   Number         0  defsig_stak_inner.o ABSOLUTE
    ../clib/signal.c                         0x00000000   Number         0  defsig_pvfn_inner.o ABSOLUTE
    ../clib/signal.c                         0x00000000   Number         0  defsig_cppl_inner.o ABSOLUTE
    ../clib/signal.c                         0x00000000   Number         0  defsig_segv_inner.o ABSOLUTE
    ../clib/signal.c                         0x00000000   Number         0  defsig_other.o ABSOLUTE
    ../clib/signal.c                         0x00000000   Number         0  defsig_rtred_inner.o ABSOLUTE
    ../clib/signal.c                         0x00000000   Number         0  defsig_rtmem_formal.o ABSOLUTE
    ../clib/signal.s                         0x00000000   Number         0  defsig.o ABSOLUTE
    ../clib/stdio.c                          0x00000000   Number         0  ferror.o ABSOLUTE
    ../clib/stdio.c                          0x00000000   Number         0  ferror_locked.o ABSOLUTE
    ../clib/stdlib.c                         0x00000000   Number         0  exit.o ABSOLUTE
    ../clib/time.c                           0x00000000   Number         0  mktime.o ABSOLUTE
    ../clib/time.c                           0x00000000   Number         0  _monlen.o ABSOLUTE
    ../fplib/faddsub.s                       0x00000000   Number         0  faddsub_clz.o ABSOLUTE
    ../fplib/fdiv.s                          0x00000000   Number         0  fdiv.o ABSOLUTE
    ../fplib/ffixu.s                         0x00000000   Number         0  ffixu.o ABSOLUTE
    ../fplib/fflt.s                          0x00000000   Number         0  fflt_clz.o ABSOLUTE
    ../fplib/fmul.s                          0x00000000   Number         0  fmul.o ABSOLUTE
    ../fplib/fnaninf.s                       0x00000000   Number         0  fnaninf.o ABSOLUTE
    ../fplib/fpinit.s                        0x00000000   Number         0  fpinit.o ABSOLUTE
    ../fplib/fretinf.s                       0x00000000   Number         0  fretinf.o ABSOLUTE
    ../fplib/usenofp.s                       0x00000000   Number         0  usenofp.o ABSOLUTE
    ..\HARDWARE\24CXX\iic.c                  0x00000000   Number         0  iic.o ABSOLUTE
    ..\HARDWARE\DMA\dma.c                    0x00000000   Number         0  dma.o ABSOLUTE
    ..\HARDWARE\FLASH\flash.c                0x00000000   Number         0  flash.o ABSOLUTE
    ..\HARDWARE\GPS\gps.c                    0x00000000   Number         0  gps.o ABSOLUTE
    ..\HARDWARE\LED\led.c                    0x00000000   Number         0  led.o ABSOLUTE
    ..\HARDWARE\RS485\rs485.c                0x00000000   Number         0  rs485.o ABSOLUTE
    ..\HARDWARE\SPI\spi.c                    0x00000000   Number         0  spi.o ABSOLUTE
    ..\HARDWARE\TIMER\timer.c                0x00000000   Number         0  timer.o ABSOLUTE
    ..\HARDWARE\WDG\wdg.c                    0x00000000   Number         0  wdg.o ABSOLUTE
    ..\HARDWARE\ds1339\ds1307.c              0x00000000   Number         0  ds1307.o ABSOLUTE
    ..\SYSTEM\delay\delay.c                  0x00000000   Number         0  delay.o ABSOLUTE
    ..\SYSTEM\sys\sys.c                      0x00000000   Number         0  sys.o ABSOLUTE
    ..\SYSTEM\usart\usart.c                  0x00000000   Number         0  usart.o ABSOLUTE
    ..\\SYSTEM\\sys\\sys.c                   0x00000000   Number         0  sys.o ABSOLUTE
    Entdata.c                                0x00000000   Number         0  entdata.o ABSOLUTE
    config.c                                 0x00000000   Number         0  config.o ABSOLUTE
    control.c                                0x00000000   Number         0  control.o ABSOLUTE
    dc.s                                     0x00000000   Number         0  dc.o ABSOLUTE
    startup_stm32f10x_hd.s                   0x00000000   Number         0  startup_stm32f10x_hd.o ABSOLUTE
    test.c                                   0x00000000   Number         0  test.o ABSOLUTE
    RESET                                    0x08000000   Section      304  startup_stm32f10x_hd.o(RESET)
    !!!main                                  0x08000130   Section        8  __main.o(!!!main)
    !!!scatter                               0x08000138   Section       52  __scatter.o(!!!scatter)
    !!handler_copy                           0x0800016c   Section       26  __scatter_copy.o(!!handler_copy)
    !!handler_zi                             0x08000188   Section       28  __scatter_zi.o(!!handler_zi)
    .ARM.Collect$$_printf_percent$$00000000  0x080001a4   Section        0  _printf_percent.o(.ARM.Collect$$_printf_percent$$00000000)
    .ARM.Collect$$_printf_percent$$00000009  0x080001a4   Section        6  _printf_d.o(.ARM.Collect$$_printf_percent$$00000009)
    .ARM.Collect$$_printf_percent$$0000000C  0x080001aa   Section        6  _printf_x.o(.ARM.Collect$$_printf_percent$$0000000C)
    .ARM.Collect$$_printf_percent$$00000014  0x080001b0   Section        6  _printf_s.o(.ARM.Collect$$_printf_percent$$00000014)
    .ARM.Collect$$_printf_percent$$00000017  0x080001b6   Section        4  _printf_percent_end.o(.ARM.Collect$$_printf_percent$$00000017)
    .ARM.Collect$$libinit$$00000000          0x080001ba   Section        2  libinit.o(.ARM.Collect$$libinit$$00000000)
    .ARM.Collect$$libinit$$00000002          0x080001bc   Section        0  libinit2.o(.ARM.Collect$$libinit$$00000002)
    .ARM.Collect$$libinit$$00000004          0x080001bc   Section        0  libinit2.o(.ARM.Collect$$libinit$$00000004)
    .ARM.Collect$$libinit$$0000000A          0x080001bc   Section        0  libinit2.o(.ARM.Collect$$libinit$$0000000A)
    .ARM.Collect$$libinit$$0000000C          0x080001bc   Section        0  libinit2.o(.ARM.Collect$$libinit$$0000000C)
    .ARM.Collect$$libinit$$0000000E          0x080001bc   Section        0  libinit2.o(.ARM.Collect$$libinit$$0000000E)
    .ARM.Collect$$libinit$$00000011          0x080001bc   Section        0  libinit2.o(.ARM.Collect$$libinit$$00000011)
    .ARM.Collect$$libinit$$00000013          0x080001bc   Section        0  libinit2.o(.ARM.Collect$$libinit$$00000013)
    .ARM.Collect$$libinit$$00000015          0x080001bc   Section        0  libinit2.o(.ARM.Collect$$libinit$$00000015)
    .ARM.Collect$$libinit$$00000017          0x080001bc   Section        0  libinit2.o(.ARM.Collect$$libinit$$00000017)
    .ARM.Collect$$libinit$$00000019          0x080001bc   Section        0  libinit2.o(.ARM.Collect$$libinit$$00000019)
    .ARM.Collect$$libinit$$0000001B          0x080001bc   Section        0  libinit2.o(.ARM.Collect$$libinit$$0000001B)
    .ARM.Collect$$libinit$$0000001D          0x080001bc   Section        0  libinit2.o(.ARM.Collect$$libinit$$0000001D)
    .ARM.Collect$$libinit$$0000001F          0x080001bc   Section        0  libinit2.o(.ARM.Collect$$libinit$$0000001F)
    .ARM.Collect$$libinit$$00000021          0x080001bc   Section        0  libinit2.o(.ARM.Collect$$libinit$$00000021)
    .ARM.Collect$$libinit$$00000023          0x080001bc   Section        0  libinit2.o(.ARM.Collect$$libinit$$00000023)
    .ARM.Collect$$libinit$$00000025          0x080001bc   Section        0  libinit2.o(.ARM.Collect$$libinit$$00000025)
    .ARM.Collect$$libinit$$0000002C          0x080001bc   Section        0  libinit2.o(.ARM.Collect$$libinit$$0000002C)
    .ARM.Collect$$libinit$$0000002E          0x080001bc   Section        0  libinit2.o(.ARM.Collect$$libinit$$0000002E)
    .ARM.Collect$$libinit$$00000030          0x080001bc   Section        0  libinit2.o(.ARM.Collect$$libinit$$00000030)
    .ARM.Collect$$libinit$$00000032          0x080001bc   Section        0  libinit2.o(.ARM.Collect$$libinit$$00000032)
    .ARM.Collect$$libinit$$00000033          0x080001bc   Section        2  libinit2.o(.ARM.Collect$$libinit$$00000033)
    .ARM.Collect$$libshutdown$$00000000      0x080001be   Section        2  libshutdown.o(.ARM.Collect$$libshutdown$$00000000)
    .ARM.Collect$$libshutdown$$00000003      0x080001c0   Section        0  libshutdown2.o(.ARM.Collect$$libshutdown$$00000003)
    .ARM.Collect$$libshutdown$$00000006      0x080001c0   Section        0  libshutdown2.o(.ARM.Collect$$libshutdown$$00000006)
    .ARM.Collect$$libshutdown$$00000009      0x080001c0   Section        0  libshutdown2.o(.ARM.Collect$$libshutdown$$00000009)
    .ARM.Collect$$libshutdown$$0000000B      0x080001c0   Section        0  libshutdown2.o(.ARM.Collect$$libshutdown$$0000000B)
    .ARM.Collect$$libshutdown$$0000000E      0x080001c0   Section        0  libshutdown2.o(.ARM.Collect$$libshutdown$$0000000E)
    .ARM.Collect$$libshutdown$$0000000F      0x080001c0   Section        2  libshutdown2.o(.ARM.Collect$$libshutdown$$0000000F)
    .ARM.Collect$$rtentry$$00000000          0x080001c2   Section        0  __rtentry.o(.ARM.Collect$$rtentry$$00000000)
    .ARM.Collect$$rtentry$$00000002          0x080001c2   Section        0  __rtentry2.o(.ARM.Collect$$rtentry$$00000002)
    .ARM.Collect$$rtentry$$00000004          0x080001c2   Section        6  __rtentry4.o(.ARM.Collect$$rtentry$$00000004)
    .ARM.Collect$$rtentry$$00000009          0x080001c8   Section        0  __rtentry2.o(.ARM.Collect$$rtentry$$00000009)
    .ARM.Collect$$rtentry$$0000000A          0x080001c8   Section        4  __rtentry2.o(.ARM.Collect$$rtentry$$0000000A)
    .ARM.Collect$$rtentry$$0000000C          0x080001cc   Section        0  __rtentry2.o(.ARM.Collect$$rtentry$$0000000C)
    .ARM.Collect$$rtentry$$0000000D          0x080001cc   Section        8  __rtentry2.o(.ARM.Collect$$rtentry$$0000000D)
    .ARM.Collect$$rtexit$$00000000           0x080001d4   Section        2  rtexit.o(.ARM.Collect$$rtexit$$00000000)
    .ARM.Collect$$rtexit$$00000002           0x080001d6   Section        0  rtexit2.o(.ARM.Collect$$rtexit$$00000002)
    .ARM.Collect$$rtexit$$00000003           0x080001d6   Section        4  rtexit2.o(.ARM.Collect$$rtexit$$00000003)
    .ARM.Collect$$rtexit$$00000004           0x080001da   Section        6  rtexit2.o(.ARM.Collect$$rtexit$$00000004)
    .emb_text                                0x080001e0   Section       12  sys.o(.emb_text)
    .text                                    0x080001ec   Section       72  startup_stm32f10x_hd.o(.text)
    .text                                    0x08000234   Section        0  test.o(.text)
    .text                                    0x080002c8   Section        0  config.o(.text)
    .text                                    0x08000950   Section        0  control.o(.text)
    .text                                    0x080010cc   Section        0  entdata.o(.text)
    .text                                    0x080018c8   Section        0  delay.o(.text)
    .text                                    0x08001978   Section        0  usart.o(.text)
    .text                                    0x08001dc8   Section        0  sys.o(.text)
    .text                                    0x080020a4   Section        0  timer.o(.text)
    .text                                    0x080021f8   Section        0  rs485.o(.text)
    .text                                    0x08002740   Section        0  wdg.o(.text)
    .text                                    0x08002820   Section        0  led.o(.text)
    .text                                    0x0800289c   Section        0  flash.o(.text)
    .text                                    0x08002b28   Section        0  spi.o(.text)
    .text                                    0x08002ce0   Section        0  gps.o(.text)
    .text                                    0x080031c8   Section        0  iic.o(.text)
    .text                                    0x08003410   Section        0  ds1307.o(.text)
    .text                                    0x08003ae8   Section        0  dma.o(.text)
    .text                                    0x08003b60   Section        2  use_no_semi_2.o(.text)
    .text                                    0x08003b64   Section        0  noretval__2printf.o(.text)
    .text                                    0x08003b7c   Section        0  __printf.o(.text)
    .text                                    0x08003be4   Section        0  _printf_str.o(.text)
    .text                                    0x08003c38   Section        0  _printf_dec.o(.text)
    .text                                    0x08003cb0   Section        0  _printf_hex_int.o(.text)
    .text                                    0x08003d08   Section      100  rt_memcpy_w.o(.text)
    .text                                    0x08003d6c   Section       16  aeabi_memset.o(.text)
    .text                                    0x08003d7c   Section       68  rt_memclr.o(.text)
    .text                                    0x08003dc0   Section       78  rt_memclr_w.o(.text)
    .text                                    0x08003e10   Section      128  strcmpv7m.o(.text)
    .text                                    0x08003e90   Section        0  mktime.o(.text)
    _tm_carry                                0x08003e91   Thumb Code    62  mktime.o(.text)
    .text                                    0x08004038   Section        0  heapauxi.o(.text)
    .text                                    0x0800403e   Section        2  use_no_semi.o(.text)
    .text                                    0x08004040   Section        0  _printf_intcommon.o(.text)
    .text                                    0x080040f2   Section        0  _printf_char.o(.text)
    .text                                    0x08004120   Section        0  _printf_char_file.o(.text)
    .text                                    0x08004144   Section        0  _printf_char_common.o(.text)
    _printf_input_char                       0x08004145   Thumb Code    10  _printf_char_common.o(.text)
    .text                                    0x08004174   Section        0  ferror.o(.text)
    .text                                    0x0800417c   Section       74  sys_stackheap_outer.o(.text)
    .text                                    0x080041c6   Section        0  exit.o(.text)
    .text                                    0x080041d4   Section        8  libspace.o(.text)
    x$fpl$fadd                               0x080041dc   Section      196  faddsub_clz.o(x$fpl$fadd)
    _fadd1                                   0x080041eb   Thumb Code     0  faddsub_clz.o(x$fpl$fadd)
    x$fpl$fdiv                               0x080042a0   Section      388  fdiv.o(x$fpl$fdiv)
    _fdiv1                                   0x080042a1   Thumb Code     0  fdiv.o(x$fpl$fdiv)
    x$fpl$ffixu                              0x08004424   Section       62  ffixu.o(x$fpl$ffixu)
    x$fpl$ffltu                              0x08004464   Section       38  fflt_clz.o(x$fpl$ffltu)
    x$fpl$fmul                               0x0800448c   Section      258  fmul.o(x$fpl$fmul)
    x$fpl$fnaninf                            0x0800458e   Section      140  fnaninf.o(x$fpl$fnaninf)
    x$fpl$fretinf                            0x0800461a   Section       10  fretinf.o(x$fpl$fretinf)
    x$fpl$frsb                               0x08004624   Section       20  faddsub_clz.o(x$fpl$frsb)
    x$fpl$fsub                               0x08004638   Section      234  faddsub_clz.o(x$fpl$fsub)
    _fsub1                                   0x08004647   Thumb Code     0  faddsub_clz.o(x$fpl$fsub)
    x$fpl$usenofp                            0x08004722   Section        0  usenofp.o(x$fpl$usenofp)
    .constdata                               0x08004724   Section      224  config.o(.constdata)
    .constdata                               0x08004804   Section      100  entdata.o(.constdata)
    .constdata                               0x08004868   Section       44  ds1307.o(.constdata)
    .constdata                               0x08004894   Section       40  _printf_hex_int.o(.constdata)
    uc_hextab                                0x08004894   Data          20  _printf_hex_int.o(.constdata)
    lc_hextab                                0x080048a8   Data          20  _printf_hex_int.o(.constdata)
    .constdata                               0x080048bc   Section       12  _monlen.o(.constdata)
    .data                                    0x20000000   Section        5  config.o(.data)
    .data                                    0x20000008   Section       12  control.o(.data)
    .data                                    0x20000014   Section        9  entdata.o(.data)
    .data                                    0x2000001e   Section        4  delay.o(.data)
    fac_us                                   0x2000001e   Data           1  delay.o(.data)
    fac_ms                                   0x20000020   Data           2  delay.o(.data)
    .data                                    0x20000024   Section       11  usart.o(.data)
    .data                                    0x20000030   Section        5  timer.o(.data)
    .data                                    0x20000035   Section       20  rs485.o(.data)
    .data                                    0x20000049   Section        1  wdg.o(.data)
    .data                                    0x2000004a   Section        3  flash.o(.data)
    .data                                    0x2000004d   Section        1  gps.o(.data)
    temp                                     0x2000004d   Data           1  gps.o(.data)
    .data                                    0x2000004e   Section       20  ds1307.o(.data)
    min                                      0x2000005f   Data           1  ds1307.o(.data)
    sec                                      0x20000060   Data           1  ds1307.o(.data)
    hour                                     0x20000061   Data           1  ds1307.o(.data)
    .data                                    0x20000062   Section        2  dma.o(.data)
    .bss                                     0x20000064   Section      178  config.o(.bss)
    .bss                                     0x20000116   Section      160  control.o(.bss)
    .bss                                     0x200001b6   Section     1748  entdata.o(.bss)
    .bss                                     0x2000088a   Section      575  usart.o(.bss)
    .bss                                     0x20000ac9   Section      160  rs485.o(.bss)
    .bss                                     0x20000b69   Section       87  gps.o(.bss)
    .bss                                     0x20000bc0   Section       32  ds1307.o(.bss)
    .bss                                     0x20000be0   Section       96  libspace.o(.bss)
    HEAP                                     0x20000c40   Section        0  startup_stm32f10x_hd.o(HEAP)
    STACK                                    0x20000c40   Section     2048  startup_stm32f10x_hd.o(STACK)
    Heap_Mem                                 0x20000c40   Data           0  startup_stm32f10x_hd.o(HEAP)
    Stack_Mem                                0x20000c40   Data        2048  startup_stm32f10x_hd.o(STACK)
    __initial_sp                             0x20001440   Data           0  startup_stm32f10x_hd.o(STACK)

    Global Symbols

    Symbol Name                              Value     Ov Type        Size  Object(Section)

    BuildAttributes$$THM_ISAv4$P$D$K$B$S$PE$A:L22UL41UL21$X:L11$S22US41US21$IEEE1$IW$USESV6$~STKCKD$USESV7$~SHL$OSPACE$ROPI$EBA8$UX$STANDARDLIB$REQ8$PRES8$EABIv2 0x00000000   Number         0  anon$$obj.o ABSOLUTE
    __ARM_use_no_argv                        0x00000000   Number         0  test.o ABSOLUTE
    __ARM_exceptions_init                     - Undefined Weak Reference
    __alloca_initialize                       - Undefined Weak Reference
    __arm_preinit_                            - Undefined Weak Reference
    __cpp_initialize__aeabi_                  - Undefined Weak Reference
    __cxa_finalize                            - Undefined Weak Reference
    __rt_locale                               - Undefined Weak Reference
    __sigvec_lookup                           - Undefined Weak Reference
    _atexit_init                              - Undefined Weak Reference
    _call_atexit_fns                          - Undefined Weak Reference
    _clock_init                               - Undefined Weak Reference
    _fp_trap_init                             - Undefined Weak Reference
    _fp_trap_shutdown                         - Undefined Weak Reference
    _get_lc_collate                           - Undefined Weak Reference
    _get_lc_ctype                             - Undefined Weak Reference
    _get_lc_monetary                          - Undefined Weak Reference
    _get_lc_numeric                           - Undefined Weak Reference
    _get_lc_time                              - Undefined Weak Reference
    _getenv_init                              - Undefined Weak Reference
    _handle_redirection                       - Undefined Weak Reference
    _init_alloc                               - Undefined Weak Reference
    _init_user_alloc                          - Undefined Weak Reference
    _initio                                   - Undefined Weak Reference
    _mutex_acquire                            - Undefined Weak Reference
    _mutex_release                            - Undefined Weak Reference
    _printf_mbtowc                            - Undefined Weak Reference
    _printf_post_padding                      - Undefined Weak Reference
    _printf_pre_padding                       - Undefined Weak Reference
    _printf_truncate_signed                   - Undefined Weak Reference
    _printf_truncate_unsigned                 - Undefined Weak Reference
    _rand_init                                - Undefined Weak Reference
    _signal_finish                            - Undefined Weak Reference
    _signal_init                              - Undefined Weak Reference
    _terminate_alloc                          - Undefined Weak Reference
    _terminate_user_alloc                     - Undefined Weak Reference
    _terminateio                              - Undefined Weak Reference
    __Vectors_Size                           0x00000130   Number         0  startup_stm32f10x_hd.o ABSOLUTE
    __Vectors                                0x08000000   Data           4  startup_stm32f10x_hd.o(RESET)
    __Vectors_End                            0x08000130   Data           0  startup_stm32f10x_hd.o(RESET)
    __main                                   0x08000131   Thumb Code     8  __main.o(!!!main)
    __scatterload                            0x08000139   Thumb Code     0  __scatter.o(!!!scatter)
    __scatterload_rt2                        0x08000139   Thumb Code    44  __scatter.o(!!!scatter)
    __scatterload_rt2_thumb_only             0x08000139   Thumb Code     0  __scatter.o(!!!scatter)
    __scatterload_null                       0x08000147   Thumb Code     0  __scatter.o(!!!scatter)
    __scatterload_copy                       0x0800016d   Thumb Code    26  __scatter_copy.o(!!handler_copy)
    __scatterload_zeroinit                   0x08000189   Thumb Code    28  __scatter_zi.o(!!handler_zi)
    _printf_d                                0x080001a5   Thumb Code     0  _printf_d.o(.ARM.Collect$$_printf_percent$$00000009)
    _printf_percent                          0x080001a5   Thumb Code     0  _printf_percent.o(.ARM.Collect$$_printf_percent$$00000000)
    _printf_x                                0x080001ab   Thumb Code     0  _printf_x.o(.ARM.Collect$$_printf_percent$$0000000C)
    _printf_s                                0x080001b1   Thumb Code     0  _printf_s.o(.ARM.Collect$$_printf_percent$$00000014)
    _printf_percent_end                      0x080001b7   Thumb Code     0  _printf_percent_end.o(.ARM.Collect$$_printf_percent$$00000017)
    __rt_lib_init                            0x080001bb   Thumb Code     0  libinit.o(.ARM.Collect$$libinit$$00000000)
    __rt_lib_init_alloca_1                   0x080001bd   Thumb Code     0  libinit2.o(.ARM.Collect$$libinit$$0000002E)
    __rt_lib_init_argv_1                     0x080001bd   Thumb Code     0  libinit2.o(.ARM.Collect$$libinit$$0000002C)
    __rt_lib_init_atexit_1                   0x080001bd   Thumb Code     0  libinit2.o(.ARM.Collect$$libinit$$0000001B)
    __rt_lib_init_clock_1                    0x080001bd   Thumb Code     0  libinit2.o(.ARM.Collect$$libinit$$00000021)
    __rt_lib_init_cpp_1                      0x080001bd   Thumb Code     0  libinit2.o(.ARM.Collect$$libinit$$00000032)
    __rt_lib_init_exceptions_1               0x080001bd   Thumb Code     0  libinit2.o(.ARM.Collect$$libinit$$00000030)
    __rt_lib_init_fp_1                       0x080001bd   Thumb Code     0  libinit2.o(.ARM.Collect$$libinit$$00000002)
    __rt_lib_init_fp_trap_1                  0x080001bd   Thumb Code     0  libinit2.o(.ARM.Collect$$libinit$$0000001F)
    __rt_lib_init_getenv_1                   0x080001bd   Thumb Code     0  libinit2.o(.ARM.Collect$$libinit$$00000023)
    __rt_lib_init_heap_1                     0x080001bd   Thumb Code     0  libinit2.o(.ARM.Collect$$libinit$$0000000A)
    __rt_lib_init_lc_collate_1               0x080001bd   Thumb Code     0  libinit2.o(.ARM.Collect$$libinit$$00000011)
    __rt_lib_init_lc_ctype_1                 0x080001bd   Thumb Code     0  libinit2.o(.ARM.Collect$$libinit$$00000013)
    __rt_lib_init_lc_monetary_1              0x080001bd   Thumb Code     0  libinit2.o(.ARM.Collect$$libinit$$00000015)
    __rt_lib_init_lc_numeric_1               0x080001bd   Thumb Code     0  libinit2.o(.ARM.Collect$$libinit$$00000017)
    __rt_lib_init_lc_time_1                  0x080001bd   Thumb Code     0  libinit2.o(.ARM.Collect$$libinit$$00000019)
    __rt_lib_init_preinit_1                  0x080001bd   Thumb Code     0  libinit2.o(.ARM.Collect$$libinit$$00000004)
    __rt_lib_init_rand_1                     0x080001bd   Thumb Code     0  libinit2.o(.ARM.Collect$$libinit$$0000000E)
    __rt_lib_init_return                     0x080001bd   Thumb Code     0  libinit2.o(.ARM.Collect$$libinit$$00000033)
    __rt_lib_init_signal_1                   0x080001bd   Thumb Code     0  libinit2.o(.ARM.Collect$$libinit$$0000001D)
    __rt_lib_init_stdio_1                    0x080001bd   Thumb Code     0  libinit2.o(.ARM.Collect$$libinit$$00000025)
    __rt_lib_init_user_alloc_1               0x080001bd   Thumb Code     0  libinit2.o(.ARM.Collect$$libinit$$0000000C)
    __rt_lib_shutdown                        0x080001bf   Thumb Code     0  libshutdown.o(.ARM.Collect$$libshutdown$$00000000)
    __rt_lib_shutdown_fp_trap_1              0x080001c1   Thumb Code     0  libshutdown2.o(.ARM.Collect$$libshutdown$$00000006)
    __rt_lib_shutdown_heap_1                 0x080001c1   Thumb Code     0  libshutdown2.o(.ARM.Collect$$libshutdown$$0000000E)
    __rt_lib_shutdown_return                 0x080001c1   Thumb Code     0  libshutdown2.o(.ARM.Collect$$libshutdown$$0000000F)
    __rt_lib_shutdown_signal_1               0x080001c1   Thumb Code     0  libshutdown2.o(.ARM.Collect$$libshutdown$$00000009)
    __rt_lib_shutdown_stdio_1                0x080001c1   Thumb Code     0  libshutdown2.o(.ARM.Collect$$libshutdown$$00000003)
    __rt_lib_shutdown_user_alloc_1           0x080001c1   Thumb Code     0  libshutdown2.o(.ARM.Collect$$libshutdown$$0000000B)
    __rt_entry                               0x080001c3   Thumb Code     0  __rtentry.o(.ARM.Collect$$rtentry$$00000000)
    __rt_entry_presh_1                       0x080001c3   Thumb Code     0  __rtentry2.o(.ARM.Collect$$rtentry$$00000002)
    __rt_entry_sh                            0x080001c3   Thumb Code     0  __rtentry4.o(.ARM.Collect$$rtentry$$00000004)
    __rt_entry_li                            0x080001c9   Thumb Code     0  __rtentry2.o(.ARM.Collect$$rtentry$$0000000A)
    __rt_entry_postsh_1                      0x080001c9   Thumb Code     0  __rtentry2.o(.ARM.Collect$$rtentry$$00000009)
    __rt_entry_main                          0x080001cd   Thumb Code     0  __rtentry2.o(.ARM.Collect$$rtentry$$0000000D)
    __rt_entry_postli_1                      0x080001cd   Thumb Code     0  __rtentry2.o(.ARM.Collect$$rtentry$$0000000C)
    __rt_exit                                0x080001d5   Thumb Code     0  rtexit.o(.ARM.Collect$$rtexit$$00000000)
    __rt_exit_ls                             0x080001d7   Thumb Code     0  rtexit2.o(.ARM.Collect$$rtexit$$00000003)
    __rt_exit_prels_1                        0x080001d7   Thumb Code     0  rtexit2.o(.ARM.Collect$$rtexit$$00000002)
    __rt_exit_exit                           0x080001db   Thumb Code     0  rtexit2.o(.ARM.Collect$$rtexit$$00000004)
    WFI_SET                                  0x080001e1   Thumb Code     2  sys.o(.emb_text)
    INTX_DISABLE                             0x080001e3   Thumb Code     2  sys.o(.emb_text)
    INTX_ENABLE                              0x080001e5   Thumb Code     2  sys.o(.emb_text)
    MSR_MSP                                  0x080001e7   Thumb Code     6  sys.o(.emb_text)
    SystemInit_ExtMemCtl                     0x080001ed   Thumb Code     2  startup_stm32f10x_hd.o(.text)
    Reset_Handler                            0x080001ef   Thumb Code    14  startup_stm32f10x_hd.o(.text)
    NMI_Handler                              0x080001fd   Thumb Code     2  startup_stm32f10x_hd.o(.text)
    HardFault_Handler                        0x080001ff   Thumb Code     2  startup_stm32f10x_hd.o(.text)
    MemManage_Handler                        0x08000201   Thumb Code     2  startup_stm32f10x_hd.o(.text)
    BusFault_Handler                         0x08000203   Thumb Code     2  startup_stm32f10x_hd.o(.text)
    UsageFault_Handler                       0x08000205   Thumb Code     2  startup_stm32f10x_hd.o(.text)
    SVC_Handler                              0x08000207   Thumb Code     2  startup_stm32f10x_hd.o(.text)
    DebugMon_Handler                         0x08000209   Thumb Code     2  startup_stm32f10x_hd.o(.text)
    PendSV_Handler                           0x0800020b   Thumb Code     2  startup_stm32f10x_hd.o(.text)
    SysTick_Handler                          0x0800020d   Thumb Code     2  startup_stm32f10x_hd.o(.text)
    ADC1_2_IRQHandler                        0x0800020f   Thumb Code     0  startup_stm32f10x_hd.o(.text)
    ADC3_IRQHandler                          0x0800020f   Thumb Code     0  startup_stm32f10x_hd.o(.text)
    CAN1_RX1_IRQHandler                      0x0800020f   Thumb Code     0  startup_stm32f10x_hd.o(.text)
    CAN1_SCE_IRQHandler                      0x0800020f   Thumb Code     0  startup_stm32f10x_hd.o(.text)
    DMA1_Channel1_IRQHandler                 0x0800020f   Thumb Code     0  startup_stm32f10x_hd.o(.text)
    DMA1_Channel2_IRQHandler                 0x0800020f   Thumb Code     0  startup_stm32f10x_hd.o(.text)
    DMA1_Channel3_IRQHandler                 0x0800020f   Thumb Code     0  startup_stm32f10x_hd.o(.text)
    DMA1_Channel4_IRQHandler                 0x0800020f   Thumb Code     0  startup_stm32f10x_hd.o(.text)
    DMA1_Channel5_IRQHandler                 0x0800020f   Thumb Code     0  startup_stm32f10x_hd.o(.text)
    DMA1_Channel6_IRQHandler                 0x0800020f   Thumb Code     0  startup_stm32f10x_hd.o(.text)
    DMA1_Channel7_IRQHandler                 0x0800020f   Thumb Code     0  startup_stm32f10x_hd.o(.text)
    DMA2_Channel1_IRQHandler                 0x0800020f   Thumb Code     0  startup_stm32f10x_hd.o(.text)
    DMA2_Channel2_IRQHandler                 0x0800020f   Thumb Code     0  startup_stm32f10x_hd.o(.text)
    DMA2_Channel3_IRQHandler                 0x0800020f   Thumb Code     0  startup_stm32f10x_hd.o(.text)
    DMA2_Channel4_5_IRQHandler               0x0800020f   Thumb Code     0  startup_stm32f10x_hd.o(.text)
    EXTI0_IRQHandler                         0x0800020f   Thumb Code     0  startup_stm32f10x_hd.o(.text)
    EXTI15_10_IRQHandler                     0x0800020f   Thumb Code     0  startup_stm32f10x_hd.o(.text)
    EXTI1_IRQHandler                         0x0800020f   Thumb Code     0  startup_stm32f10x_hd.o(.text)
    EXTI2_IRQHandler                         0x0800020f   Thumb Code     0  startup_stm32f10x_hd.o(.text)
    EXTI3_IRQHandler                         0x0800020f   Thumb Code     0  startup_stm32f10x_hd.o(.text)
    EXTI4_IRQHandler                         0x0800020f   Thumb Code     0  startup_stm32f10x_hd.o(.text)
    EXTI9_5_IRQHandler                       0x0800020f   Thumb Code     0  startup_stm32f10x_hd.o(.text)
    FLASH_IRQHandler                         0x0800020f   Thumb Code     0  startup_stm32f10x_hd.o(.text)
    FSMC_IRQHandler                          0x0800020f   Thumb Code     0  startup_stm32f10x_hd.o(.text)
    I2C1_ER_IRQHandler                       0x0800020f   Thumb Code     0  startup_stm32f10x_hd.o(.text)
    I2C1_EV_IRQHandler                       0x0800020f   Thumb Code     0  startup_stm32f10x_hd.o(.text)
    I2C2_ER_IRQHandler                       0x0800020f   Thumb Code     0  startup_stm32f10x_hd.o(.text)
    I2C2_EV_IRQHandler                       0x0800020f   Thumb Code     0  startup_stm32f10x_hd.o(.text)
    PVD_IRQHandler                           0x0800020f   Thumb Code     0  startup_stm32f10x_hd.o(.text)
    RCC_IRQHandler                           0x0800020f   Thumb Code     0  startup_stm32f10x_hd.o(.text)
    RTCAlarm_IRQHandler                      0x0800020f   Thumb Code     0  startup_stm32f10x_hd.o(.text)
    RTC_IRQHandler                           0x0800020f   Thumb Code     0  startup_stm32f10x_hd.o(.text)
    SDIO_IRQHandler                          0x0800020f   Thumb Code     0  startup_stm32f10x_hd.o(.text)
    SPI1_IRQHandler                          0x0800020f   Thumb Code     0  startup_stm32f10x_hd.o(.text)
    SPI2_IRQHandler                          0x0800020f   Thumb Code     0  startup_stm32f10x_hd.o(.text)
    SPI3_IRQHandler                          0x0800020f   Thumb Code     0  startup_stm32f10x_hd.o(.text)
    TAMPER_IRQHandler                        0x0800020f   Thumb Code     0  startup_stm32f10x_hd.o(.text)
    TIM1_BRK_IRQHandler                      0x0800020f   Thumb Code     0  startup_stm32f10x_hd.o(.text)
    TIM1_CC_IRQHandler                       0x0800020f   Thumb Code     0  startup_stm32f10x_hd.o(.text)
    TIM1_TRG_COM_IRQHandler                  0x0800020f   Thumb Code     0  startup_stm32f10x_hd.o(.text)
    TIM1_UP_IRQHandler                       0x0800020f   Thumb Code     0  startup_stm32f10x_hd.o(.text)
    TIM4_IRQHandler                          0x0800020f   Thumb Code     0  startup_stm32f10x_hd.o(.text)
    TIM5_IRQHandler                          0x0800020f   Thumb Code     0  startup_stm32f10x_hd.o(.text)
    TIM6_IRQHandler                          0x0800020f   Thumb Code     0  startup_stm32f10x_hd.o(.text)
    TIM8_BRK_IRQHandler                      0x0800020f   Thumb Code     0  startup_stm32f10x_hd.o(.text)
    TIM8_CC_IRQHandler                       0x0800020f   Thumb Code     0  startup_stm32f10x_hd.o(.text)
    TIM8_TRG_COM_IRQHandler                  0x0800020f   Thumb Code     0  startup_stm32f10x_hd.o(.text)
    TIM8_UP_IRQHandler                       0x0800020f   Thumb Code     0  startup_stm32f10x_hd.o(.text)
    USBWakeUp_IRQHandler                     0x0800020f   Thumb Code     0  startup_stm32f10x_hd.o(.text)
    USB_HP_CAN1_TX_IRQHandler                0x0800020f   Thumb Code     0  startup_stm32f10x_hd.o(.text)
    USB_LP_CAN1_RX0_IRQHandler               0x0800020f   Thumb Code     0  startup_stm32f10x_hd.o(.text)
    __user_initial_stackheap                 0x08000211   Thumb Code     0  startup_stm32f10x_hd.o(.text)
    main                                     0x08000235   Thumb Code   144  test.o(.text)
    Node_test                                0x080002c9   Thumb Code   120  config.o(.text)
    Start_config                             0x08000341   Thumb Code   336  config.o(.text)
    Read_config                              0x08000491   Thumb Code   230  config.o(.text)
    Write_config                             0x08000577   Thumb Code   274  config.o(.text)
    Function_analysis                        0x08000689   Thumb Code   310  config.o(.text)
    Time_ana_start                           0x080007bf   Thumb Code   318  config.o(.text)
    Phase_cl                                 0x08000951   Thumb Code    48  control.o(.text)
    Buff_bit                                 0x08000981   Thumb Code    30  control.o(.text)
    Phase_run                                0x0800099f   Thumb Code   120  control.o(.text)
    Status_Pass                              0x08000a17   Thumb Code    38  control.o(.text)
    Status_End                               0x08000a3d   Thumb Code    38  control.o(.text)
    Phase_change                             0x08000a63   Thumb Code   492  control.o(.text)
    Run_plan                                 0x08000c4f   Thumb Code   456  control.o(.text)
    Manual_Mode                              0x08000e17   Thumb Code   254  control.o(.text)
    Stage_Hand_Mode                          0x08000f15   Thumb Code   324  control.o(.text)
    Up_config                                0x080010cd   Thumb Code   384  entdata.o(.text)
    Up_LOG                                   0x0800124d   Thumb Code   126  entdata.o(.text)
    NET_Receive_Data                         0x080012cb   Thumb Code  1394  entdata.o(.text)
    Bus_Data                                 0x0800183d   Thumb Code    70  entdata.o(.text)
    delay_init                               0x080018c9   Thumb Code    56  delay.o(.text)
    delay_us                                 0x08001901   Thumb Code    56  delay.o(.text)
    delay_ms                                 0x08001939   Thumb Code    56  delay.o(.text)
    _sys_exit                                0x08001979   Thumb Code     6  usart.o(.text)
    fputc                                    0x0800197f   Thumb Code    22  usart.o(.text)
    USART1_IRQHandler                        0x08001995   Thumb Code    46  usart.o(.text)
    USART2_IRQHandler                        0x080019c3   Thumb Code    56  usart.o(.text)
    USART3_IRQHandler                        0x080019fb   Thumb Code   108  usart.o(.text)
    UART4_IRQHandler                         0x08001a67   Thumb Code    98  usart.o(.text)
    UART5_IRQHandler                         0x08001ac9   Thumb Code    26  usart.o(.text)
    uart_init                                0x08001ae3   Thumb Code   742  usart.o(.text)
    MY_NVIC_SetVectorTable                   0x08001dc9   Thumb Code    12  sys.o(.text)
    MY_NVIC_PriorityGroupConfig              0x08001dd5   Thumb Code    36  sys.o(.text)
    MY_NVIC_Init                             0x08001df9   Thumb Code   144  sys.o(.text)
    Ex_NVIC_Config                           0x08001e89   Thumb Code   146  sys.o(.text)
    MYRCC_DeInit                             0x08001f1b   Thumb Code    90  sys.o(.text)
    Sys_Standby                              0x08001f75   Thumb Code    68  sys.o(.text)
    Sys_Soft_Reset                           0x08001fb9   Thumb Code    12  sys.o(.text)
    JTAG_Set                                 0x08001fc5   Thumb Code    42  sys.o(.text)
    Stm32_Clock_Init                         0x08001fef   Thumb Code   134  sys.o(.text)
    TIM3_IRQHandler                          0x080020a5   Thumb Code    70  timer.o(.text)
    TIM2_IRQHandler                          0x080020eb   Thumb Code    24  timer.o(.text)
    TIM3_Init                                0x08002103   Thumb Code    92  timer.o(.text)
    TIM7_IRQHandler                          0x0800215f   Thumb Code    52  timer.o(.text)
    TIM7_Init                                0x08002193   Thumb Code    74  timer.o(.text)
    RS485_Init                               0x080021f9   Thumb Code    92  rs485.o(.text)
    Write_Buff                               0x08002255   Thumb Code    58  rs485.o(.text)
    DMA_Send_Buff                            0x0800228f   Thumb Code    28  rs485.o(.text)
    Bus1_Write_Data                          0x080022ab   Thumb Code   110  rs485.o(.text)
    Bus2_Write_Data                          0x08002319   Thumb Code   128  rs485.o(.text)
    Ent_Write_Data                           0x08002399   Thumb Code   254  rs485.o(.text)
    RS485_Write_Data                         0x08002497   Thumb Code    92  rs485.o(.text)
    RS485_Receive_Data                       0x080024f3   Thumb Code    84  rs485.o(.text)
    Send_Phase                               0x08002547   Thumb Code    80  rs485.o(.text)
    Send_APhase                              0x08002597   Thumb Code    34  rs485.o(.text)
    Send_Phase_State                         0x080025b9   Thumb Code    26  rs485.o(.text)
    Ccomm_board_data                         0x080025d3   Thumb Code   232  rs485.o(.text)
    Power_board_data                         0x080026bb   Thumb Code   104  rs485.o(.text)
    IWDG_Init                                0x08002741   Thumb Code    28  wdg.o(.text)
    IWDG_Feed                                0x0800275d   Thumb Code    10  wdg.o(.text)
    WWDG_Init                                0x08002767   Thumb Code   108  wdg.o(.text)
    WWDG_Set_Counter                         0x080027d3   Thumb Code    20  wdg.o(.text)
    WWDG_IRQHandler                          0x080027e7   Thumb Code    42  wdg.o(.text)
    LED_Init                                 0x08002821   Thumb Code    62  led.o(.text)
    USART1_send                              0x0800285f   Thumb Code    40  led.o(.text)
    LED_USART                                0x08002887   Thumb Code     2  led.o(.text)
    FramWriteByte                            0x0800289d   Thumb Code   120  flash.o(.text)
    FramWrite16Byte                          0x08002915   Thumb Code    32  flash.o(.text)
    FramReadByte                             0x08002935   Thumb Code    70  flash.o(.text)
    FramRead16Byte                           0x0800297b   Thumb Code    32  flash.o(.text)
    FramWriteInduce                          0x0800299b   Thumb Code   132  flash.o(.text)
    FramReadInduce                           0x08002a1f   Thumb Code    82  flash.o(.text)
    Log_Write                                0x08002a71   Thumb Code   168  flash.o(.text)
    SPI1_SetSpeed                            0x08002b29   Thumb Code    40  spi.o(.text)
    SPIx_Init                                0x08002b51   Thumb Code   156  spi.o(.text)
    SPIx_ReadWriteByte                       0x08002bed   Thumb Code    70  spi.o(.text)
    FE_IN                                    0x08002c33   Thumb Code    62  spi.o(.text)
    FE_OUT                                   0x08002c71   Thumb Code    88  spi.o(.text)
    GPS_display                              0x08002ce1   Thumb Code   270  gps.o(.text)
    GPGSA                                    0x08002def   Thumb Code    22  gps.o(.text)
    GPVTG                                    0x08002e05   Thumb Code    88  gps.o(.text)
    GPRMC                                    0x08002e5d   Thumb Code   114  gps.o(.text)
    GPGGA                                    0x08002ecf   Thumb Code   422  gps.o(.text)
    GPS                                      0x08003075   Thumb Code   336  gps.o(.text)
    IIC_GPIO_Init                            0x080031c9   Thumb Code    86  iic.o(.text)
    IIC_Start                                0x0800321f   Thumb Code    70  iic.o(.text)
    IIC_Stop                                 0x08003265   Thumb Code    64  iic.o(.text)
    IIC_Ack                                  0x080032a5   Thumb Code    76  iic.o(.text)
    IIC_Write_Byte                           0x080032f1   Thumb Code   160  iic.o(.text)
    IIC_Read_Byte                            0x08003391   Thumb Code   100  iic.o(.text)
    DS1307_Write_Byte                        0x08003411   Thumb Code    36  ds1307.o(.text)
    DS1307_Read_Byte                         0x08003435   Thumb Code    52  ds1307.o(.text)
    bcd2bin                                  0x08003469   Thumb Code    24  ds1307.o(.text)
    bin2bcd                                  0x08003481   Thumb Code    36  ds1307.o(.text)
    DS1307_Operate_Register                  0x080034a5   Thumb Code   146  ds1307.o(.text)
    Read_reg                                 0x08003537   Thumb Code    64  ds1307.o(.text)
    DS1307_ReadWrite_Time                    0x08003577   Thumb Code   158  ds1307.o(.text)
    DS1307_Check                             0x08003615   Thumb Code    20  ds1307.o(.text)
    DS1307_Time_Init                         0x08003629   Thumb Code    60  ds1307.o(.text)
    _mktime                                  0x08003665   Thumb Code    90  ds1307.o(.text)
    daydiff                                  0x080036bf   Thumb Code   108  ds1307.o(.text)
    hourdiff                                 0x0800372b   Thumb Code    60  ds1307.o(.text)
    Calibration_time                         0x08003767   Thumb Code   198  ds1307.o(.text)
    Erro_Resolve                             0x0800382d   Thumb Code   680  ds1307.o(.text)
    MYDMA_Config                             0x08003ae9   Thumb Code    92  dma.o(.text)
    MYDMA_Enable                             0x08003b45   Thumb Code    20  dma.o(.text)
    __use_no_semihosting                     0x08003b61   Thumb Code     2  use_no_semi_2.o(.text)
    __2printf                                0x08003b65   Thumb Code    20  noretval__2printf.o(.text)
    __printf                                 0x08003b7d   Thumb Code   104  __printf.o(.text)
    _printf_str                              0x08003be5   Thumb Code    82  _printf_str.o(.text)
    _printf_int_dec                          0x08003c39   Thumb Code   104  _printf_dec.o(.text)
    _printf_int_hex                          0x08003cb1   Thumb Code    84  _printf_hex_int.o(.text)
    _printf_longlong_hex                     0x08003cb1   Thumb Code     0  _printf_hex_int.o(.text)
    __aeabi_memcpy4                          0x08003d09   Thumb Code     0  rt_memcpy_w.o(.text)
    __aeabi_memcpy8                          0x08003d09   Thumb Code     0  rt_memcpy_w.o(.text)
    __rt_memcpy_w                            0x08003d09   Thumb Code   100  rt_memcpy_w.o(.text)
    _memcpy_lastbytes_aligned                0x08003d51   Thumb Code     0  rt_memcpy_w.o(.text)
    __aeabi_memset                           0x08003d6d   Thumb Code    16  aeabi_memset.o(.text)
    __aeabi_memclr                           0x08003d7d   Thumb Code     0  rt_memclr.o(.text)
    __rt_memclr                              0x08003d7d   Thumb Code    68  rt_memclr.o(.text)
    _memset                                  0x08003d81   Thumb Code     0  rt_memclr.o(.text)
    __aeabi_memclr4                          0x08003dc1   Thumb Code     0  rt_memclr_w.o(.text)
    __aeabi_memclr8                          0x08003dc1   Thumb Code     0  rt_memclr_w.o(.text)
    __rt_memclr_w                            0x08003dc1   Thumb Code    78  rt_memclr_w.o(.text)
    _memset_w                                0x08003dc5   Thumb Code     0  rt_memclr_w.o(.text)
    strcmp                                   0x08003e11   Thumb Code   128  strcmpv7m.o(.text)
    mktime                                   0x08003ecf   Thumb Code   352  mktime.o(.text)
    __use_two_region_memory                  0x08004039   Thumb Code     2  heapauxi.o(.text)
    __rt_heap_escrow$2region                 0x0800403b   Thumb Code     2  heapauxi.o(.text)
    __rt_heap_expand$2region                 0x0800403d   Thumb Code     2  heapauxi.o(.text)
    __I$use$semihosting                      0x0800403f   Thumb Code     0  use_no_semi.o(.text)
    __use_no_semihosting_swi                 0x0800403f   Thumb Code     2  use_no_semi.o(.text)
    _printf_int_common                       0x08004041   Thumb Code   178  _printf_intcommon.o(.text)
    _printf_cs_common                        0x080040f3   Thumb Code    20  _printf_char.o(.text)
    _printf_char                             0x08004107   Thumb Code    16  _printf_char.o(.text)
    _printf_string                           0x08004117   Thumb Code     8  _printf_char.o(.text)
    _printf_char_file                        0x08004121   Thumb Code    32  _printf_char_file.o(.text)
    _printf_char_common                      0x0800414f   Thumb Code    32  _printf_char_common.o(.text)
    ferror                                   0x08004175   Thumb Code     8  ferror.o(.text)
    __user_setup_stackheap                   0x0800417d   Thumb Code    74  sys_stackheap_outer.o(.text)
    exit                                     0x080041c7   Thumb Code    12  exit.o(.text)
    __user_libspace                          0x080041d5   Thumb Code     8  libspace.o(.text)
    __user_perproc_libspace                  0x080041d5   Thumb Code     0  libspace.o(.text)
    __user_perthread_libspace                0x080041d5   Thumb Code     0  libspace.o(.text)
    __aeabi_fadd                             0x080041dd   Thumb Code     0  faddsub_clz.o(x$fpl$fadd)
    _fadd                                    0x080041dd   Thumb Code   196  faddsub_clz.o(x$fpl$fadd)
    __aeabi_fdiv                             0x080042a1   Thumb Code     0  fdiv.o(x$fpl$fdiv)
    _fdiv                                    0x080042a1   Thumb Code   384  fdiv.o(x$fpl$fdiv)
    __aeabi_f2uiz                            0x08004425   Thumb Code     0  ffixu.o(x$fpl$ffixu)
    _ffixu                                   0x08004425   Thumb Code    62  ffixu.o(x$fpl$ffixu)
    __aeabi_ui2f                             0x08004465   Thumb Code     0  fflt_clz.o(x$fpl$ffltu)
    _ffltu                                   0x08004465   Thumb Code    38  fflt_clz.o(x$fpl$ffltu)
    __aeabi_fmul                             0x0800448d   Thumb Code     0  fmul.o(x$fpl$fmul)
    _fmul                                    0x0800448d   Thumb Code   258  fmul.o(x$fpl$fmul)
    __fpl_fnaninf                            0x0800458f   Thumb Code   140  fnaninf.o(x$fpl$fnaninf)
    __fpl_fretinf                            0x0800461b   Thumb Code    10  fretinf.o(x$fpl$fretinf)
    __aeabi_frsub                            0x08004625   Thumb Code     0  faddsub_clz.o(x$fpl$frsb)
    _frsb                                    0x08004625   Thumb Code    20  faddsub_clz.o(x$fpl$frsb)
    __aeabi_fsub                             0x08004639   Thumb Code     0  faddsub_clz.o(x$fpl$fsub)
    _fsub                                    0x08004639   Thumb Code   234  faddsub_clz.o(x$fpl$fsub)
    __I$use$fp                               0x08004722   Number         0  usenofp.o(x$fpl$usenofp)
    _monlen                                  0x080048bc   Data          12  _monlen.o(.constdata)
    Region$$Table$$Base                      0x080048c8   Number         0  anon$$obj.o(Region$$Table)
    Region$$Table$$Limit                     0x080048e8   Number         0  anon$$obj.o(Region$$Table)
    Car_no                                   0x20000000   Data           4  config.o(.data)
    Time_no                                  0x20000004   Data           1  config.o(.data)
    Auto_hand                                0x20000008   Data           1  control.o(.data)
    Phase_ch                                 0x2000000c   Data           4  control.o(.data)
    comm_start                               0x20000010   Data           1  control.o(.data)
    Start_flag                               0x20000011   Data           1  control.o(.data)
    Stage                                    0x20000012   Data           1  control.o(.data)
    Stage_Hand_No                            0x20000013   Data           1  control.o(.data)
    Data_end                                 0x20000014   Data           1  entdata.o(.data)
    Manual_Phase                             0x20000015   Data           8  entdata.o(.data)
    __stdout                                 0x20000024   Data           4  usart.o(.data)
    UART3_RX_STA                             0x20000028   Data           2  usart.o(.data)
    UART4_RX_STA                             0x2000002a   Data           2  usart.o(.data)
    paln_plag                                0x2000002c   Data           1  usart.o(.data)
    UART5_RX_CNT                             0x2000002d   Data           1  usart.o(.data)
    UART5_MARk                               0x2000002e   Data           1  usart.o(.data)
    Second                                   0x20000030   Data           4  timer.o(.data)
    Inquiry_Second                           0x20000034   Data           1  timer.o(.data)
    Fault_det                                0x20000035   Data           4  rs485.o(.data)
    Temp_det                                 0x20000039   Data           4  rs485.o(.data)
    Jiedian                                  0x2000003d   Data           1  rs485.o(.data)
    RS485_CNT                                0x2000003e   Data           5  rs485.o(.data)
    RS485_CNT_tmp                            0x20000043   Data           5  rs485.o(.data)
    err_num                                  0x20000048   Data           1  rs485.o(.data)
    WWDG_CNT                                 0x20000049   Data           1  wdg.o(.data)
    LOG_ADDR_P                               0x2000004a   Data           2  flash.o(.data)
    LOG_num_P                                0x2000004c   Data           1  flash.o(.data)
    Time_Buffer                              0x2000004e   Data           8  ds1307.o(.data)
    TimeValue                                0x20000056   Data           7  ds1307.o(.data)
    Time_flag                                0x2000005d   Data           1  ds1307.o(.data)
    Erro_flag                                0x2000005e   Data           1  ds1307.o(.data)
    DMA1_MEM_LEN                             0x20000062   Data           2  dma.o(.data)
    STAGE_32_CONF                            0x20000064   Data         128  config.o(.bss)
    Countdown                                0x200000e4   Data          30  config.o(.bss)
    Run_plan_data                            0x20000102   Data          20  config.o(.bss)
    Phones_Data                              0x20000116   Data         160  control.o(.bss)
    BASIC_CONF                               0x200001b6   Data          50  entdata.o(.bss)
    LED_CAR_CONF                             0x200001e8   Data          30  entdata.o(.bss)
    LED_MAN_CONF                             0x20000206   Data          30  entdata.o(.bss)
    PHASE_CONF                               0x20000224   Data          50  entdata.o(.bss)
    TIME_D_CONF                              0x20000256   Data         416  entdata.o(.bss)
    PLAN_CONF                                0x200003f6   Data         400  entdata.o(.bss)
    STAGE_CONF                               0x20000586   Data         128  entdata.o(.bss)
    Phase_Mark                               0x20000606   Data          32  entdata.o(.bss)
    Data_numbuf                              0x20000626   Data          40  entdata.o(.bss)
    File_Name                                0x2000064e   Data          60  entdata.o(.bss)
    UART4_TX_BUF                             0x2000068a   Data         512  entdata.o(.bss)
    UART4_RX_BUF                             0x2000088a   Data         512  usart.o(.bss)
    UART5_RX_BUF                             0x20000a8a   Data          12  usart.o(.bss)
    USART3_RXBuff                            0x20000a96   Data          51  usart.o(.bss)
    RS485_BUF                                0x20000ac9   Data         160  rs485.o(.bss)
    GPS_Type                                 0x20000b69   Data          78  gps.o(.bss)
    GPS_buf                                  0x20000bb7   Data           9  gps.o(.bss)
    STAGE_COMM                               0x20000bc0   Data          32  ds1307.o(.bss)
    __libspace_start                         0x20000be0   Data          96  libspace.o(.bss)
    __temporary_stack_top$libspace           0x20000c40   Data           0  libspace.o(.bss)



==============================================================================

Memory Map of the image

  Image Entry point : 0x08000131

  Load Region LR_IROM1 (Base: 0x08000000, Size: 0x0000494c, Max: 0x00060000, ABSOLUTE)

    Execution Region ER_IROM1 (Base: 0x08000000, Size: 0x000048e8, Max: 0x00060000, ABSOLUTE)

    Base Addr    Size         Type   Attr      Idx    E Section Name        Object

    0x08000000   0x00000130   Data   RO            3    RESET               startup_stm32f10x_hd.o
    0x08000130   0x00000008   Code   RO          484  * !!!main             c_w.l(__main.o)
    0x08000138   0x00000034   Code   RO          681    !!!scatter          c_w.l(__scatter.o)
    0x0800016c   0x0000001a   Code   RO          683    !!handler_copy      c_w.l(__scatter_copy.o)
    0x08000186   0x00000002   PAD
    0x08000188   0x0000001c   Code   RO          685    !!handler_zi        c_w.l(__scatter_zi.o)
    0x080001a4   0x00000000   Code   RO          469    .ARM.Collect$$_printf_percent$$00000000  c_w.l(_printf_percent.o)
    0x080001a4   0x00000006   Code   RO          468    .ARM.Collect$$_printf_percent$$00000009  c_w.l(_printf_d.o)
    0x080001aa   0x00000006   Code   RO          467    .ARM.Collect$$_printf_percent$$0000000C  c_w.l(_printf_x.o)
    0x080001b0   0x00000006   Code   RO          466    .ARM.Collect$$_printf_percent$$00000014  c_w.l(_printf_s.o)
    0x080001b6   0x00000004   Code   RO          517    .ARM.Collect$$_printf_percent$$00000017  c_w.l(_printf_percent_end.o)
    0x080001ba   0x00000002   Code   RO          556    .ARM.Collect$$libinit$$00000000  c_w.l(libinit.o)
    0x080001bc   0x00000000   Code   RO          563    .ARM.Collect$$libinit$$00000002  c_w.l(libinit2.o)
    0x080001bc   0x00000000   Code   RO          565    .ARM.Collect$$libinit$$00000004  c_w.l(libinit2.o)
    0x080001bc   0x00000000   Code   RO          568    .ARM.Collect$$libinit$$0000000A  c_w.l(libinit2.o)
    0x080001bc   0x00000000   Code   RO          570    .ARM.Collect$$libinit$$0000000C  c_w.l(libinit2.o)
    0x080001bc   0x00000000   Code   RO          572    .ARM.Collect$$libinit$$0000000E  c_w.l(libinit2.o)
    0x080001bc   0x00000000   Code   RO          575    .ARM.Collect$$libinit$$00000011  c_w.l(libinit2.o)
    0x080001bc   0x00000000   Code   RO          577    .ARM.Collect$$libinit$$00000013  c_w.l(libinit2.o)
    0x080001bc   0x00000000   Code   RO          579    .ARM.Collect$$libinit$$00000015  c_w.l(libinit2.o)
    0x080001bc   0x00000000   Code   RO          581    .ARM.Collect$$libinit$$00000017  c_w.l(libinit2.o)
    0x080001bc   0x00000000   Code   RO          583    .ARM.Collect$$libinit$$00000019  c_w.l(libinit2.o)
    0x080001bc   0x00000000   Code   RO          585    .ARM.Collect$$libinit$$0000001B  c_w.l(libinit2.o)
    0x080001bc   0x00000000   Code   RO          587    .ARM.Collect$$libinit$$0000001D  c_w.l(libinit2.o)
    0x080001bc   0x00000000   Code   RO          589    .ARM.Collect$$libinit$$0000001F  c_w.l(libinit2.o)
    0x080001bc   0x00000000   Code   RO          591    .ARM.Collect$$libinit$$00000021  c_w.l(libinit2.o)
    0x080001bc   0x00000000   Code   RO          593    .ARM.Collect$$libinit$$00000023  c_w.l(libinit2.o)
    0x080001bc   0x00000000   Code   RO          595    .ARM.Collect$$libinit$$00000025  c_w.l(libinit2.o)
    0x080001bc   0x00000000   Code   RO          599    .ARM.Collect$$libinit$$0000002C  c_w.l(libinit2.o)
    0x080001bc   0x00000000   Code   RO          601    .ARM.Collect$$libinit$$0000002E  c_w.l(libinit2.o)
    0x080001bc   0x00000000   Code   RO          603    .ARM.Collect$$libinit$$00000030  c_w.l(libinit2.o)
    0x080001bc   0x00000000   Code   RO          605    .ARM.Collect$$libinit$$00000032  c_w.l(libinit2.o)
    0x080001bc   0x00000002   Code   RO          606    .ARM.Collect$$libinit$$00000033  c_w.l(libinit2.o)
    0x080001be   0x00000002   Code   RO          624    .ARM.Collect$$libshutdown$$00000000  c_w.l(libshutdown.o)
    0x080001c0   0x00000000   Code   RO          635    .ARM.Collect$$libshutdown$$00000003  c_w.l(libshutdown2.o)
    0x080001c0   0x00000000   Code   RO          638    .ARM.Collect$$libshutdown$$00000006  c_w.l(libshutdown2.o)
    0x080001c0   0x00000000   Code   RO          641    .ARM.Collect$$libshutdown$$00000009  c_w.l(libshutdown2.o)
    0x080001c0   0x00000000   Code   RO          643    .ARM.Collect$$libshutdown$$0000000B  c_w.l(libshutdown2.o)
    0x080001c0   0x00000000   Code   RO          646    .ARM.Collect$$libshutdown$$0000000E  c_w.l(libshutdown2.o)
    0x080001c0   0x00000002   Code   RO          647    .ARM.Collect$$libshutdown$$0000000F  c_w.l(libshutdown2.o)
    0x080001c2   0x00000000   Code   RO          510    .ARM.Collect$$rtentry$$00000000  c_w.l(__rtentry.o)
    0x080001c2   0x00000000   Code   RO          525    .ARM.Collect$$rtentry$$00000002  c_w.l(__rtentry2.o)
    0x080001c2   0x00000006   Code   RO          537    .ARM.Collect$$rtentry$$00000004  c_w.l(__rtentry4.o)
    0x080001c8   0x00000000   Code   RO          527    .ARM.Collect$$rtentry$$00000009  c_w.l(__rtentry2.o)
    0x080001c8   0x00000004   Code   RO          528    .ARM.Collect$$rtentry$$0000000A  c_w.l(__rtentry2.o)
    0x080001cc   0x00000000   Code   RO          530    .ARM.Collect$$rtentry$$0000000C  c_w.l(__rtentry2.o)
    0x080001cc   0x00000008   Code   RO          531    .ARM.Collect$$rtentry$$0000000D  c_w.l(__rtentry2.o)
    0x080001d4   0x00000002   Code   RO          560    .ARM.Collect$$rtexit$$00000000  c_w.l(rtexit.o)
    0x080001d6   0x00000000   Code   RO          608    .ARM.Collect$$rtexit$$00000002  c_w.l(rtexit2.o)
    0x080001d6   0x00000004   Code   RO          609    .ARM.Collect$$rtexit$$00000003  c_w.l(rtexit2.o)
    0x080001da   0x00000006   Code   RO          610    .ARM.Collect$$rtexit$$00000004  c_w.l(rtexit2.o)
    0x080001e0   0x0000000c   Code   RO          229    .emb_text           sys.o
    0x080001ec   0x00000048   Code   RO            4    .text               startup_stm32f10x_hd.o
    0x08000234   0x00000094   Code   RO           10    .text               test.o
    0x080002c8   0x00000688   Code   RO          117    .text               config.o
    0x08000950   0x0000077c   Code   RO          142    .text               control.o
    0x080010cc   0x000007fc   Code   RO          162    .text               entdata.o
    0x080018c8   0x000000b0   Code   RO          187    .text               delay.o
    0x08001978   0x00000450   Code   RO          201    .text               usart.o
    0x08001dc8   0x000002dc   Code   RO          230    .text               sys.o
    0x080020a4   0x00000154   Code   RO          245    .text               timer.o
    0x080021f8   0x00000548   Code   RO          264    .text               rs485.o
    0x08002740   0x000000e0   Code   RO          284    .text               wdg.o
    0x08002820   0x0000007c   Code   RO          299    .text               led.o
    0x0800289c   0x0000028c   Code   RO          311    .text               flash.o
    0x08002b28   0x000001b8   Code   RO          330    .text               spi.o
    0x08002ce0   0x000004e8   Code   RO          342    .text               gps.o
    0x080031c8   0x00000248   Code   RO          358    .text               iic.o
    0x08003410   0x000006d8   Code   RO          370    .text               ds1307.o
    0x08003ae8   0x00000078   Code   RO          396    .text               dma.o
    0x08003b60   0x00000002   Code   RO          413    .text               c_w.l(use_no_semi_2.o)
    0x08003b62   0x00000002   PAD
    0x08003b64   0x00000018   Code   RO          417    .text               c_w.l(noretval__2printf.o)
    0x08003b7c   0x00000068   Code   RO          419    .text               c_w.l(__printf.o)
    0x08003be4   0x00000052   Code   RO          421    .text               c_w.l(_printf_str.o)
    0x08003c36   0x00000002   PAD
    0x08003c38   0x00000078   Code   RO          423    .text               c_w.l(_printf_dec.o)
    0x08003cb0   0x00000058   Code   RO          428    .text               c_w.l(_printf_hex_int.o)
    0x08003d08   0x00000064   Code   RO          470    .text               c_w.l(rt_memcpy_w.o)
    0x08003d6c   0x00000010   Code   RO          472    .text               c_w.l(aeabi_memset.o)
    0x08003d7c   0x00000044   Code   RO          474    .text               c_w.l(rt_memclr.o)
    0x08003dc0   0x0000004e   Code   RO          476    .text               c_w.l(rt_memclr_w.o)
    0x08003e0e   0x00000002   PAD
    0x08003e10   0x00000080   Code   RO          478    .text               c_w.l(strcmpv7m.o)
    0x08003e90   0x000001a8   Code   RO          480    .text               c_w.l(mktime.o)
    0x08004038   0x00000006   Code   RO          482    .text               c_w.l(heapauxi.o)
    0x0800403e   0x00000002   Code   RO          508    .text               c_w.l(use_no_semi.o)
    0x08004040   0x000000b2   Code   RO          511    .text               c_w.l(_printf_intcommon.o)
    0x080040f2   0x0000002c   Code   RO          513    .text               c_w.l(_printf_char.o)
    0x0800411e   0x00000002   PAD
    0x08004120   0x00000024   Code   RO          515    .text               c_w.l(_printf_char_file.o)
    0x08004144   0x00000030   Code   RO          539    .text               c_w.l(_printf_char_common.o)
    0x08004174   0x00000008   Code   RO          541    .text               c_w.l(ferror.o)
    0x0800417c   0x0000004a   Code   RO          545    .text               c_w.l(sys_stackheap_outer.o)
    0x080041c6   0x0000000c   Code   RO          549    .text               c_w.l(exit.o)
    0x080041d2   0x00000002   PAD
    0x080041d4   0x00000008   Code   RO          557    .text               c_w.l(libspace.o)
    0x080041dc   0x000000c4   Code   RO          486    x$fpl$fadd          fz_ws.l(faddsub_clz.o)
    0x080042a0   0x00000184   Code   RO          493    x$fpl$fdiv          fz_ws.l(fdiv.o)
    0x08004424   0x0000003e   Code   RO          496    x$fpl$ffixu         fz_ws.l(ffixu.o)
    0x08004462   0x00000002   PAD
    0x08004464   0x00000026   Code   RO          500    x$fpl$ffltu         fz_ws.l(fflt_clz.o)
    0x0800448a   0x00000002   PAD
    0x0800448c   0x00000102   Code   RO          506    x$fpl$fmul          fz_ws.l(fmul.o)
    0x0800458e   0x0000008c   Code   RO          519    x$fpl$fnaninf       fz_ws.l(fnaninf.o)
    0x0800461a   0x0000000a   Code   RO          521    x$fpl$fretinf       fz_ws.l(fretinf.o)
    0x08004624   0x00000014   Code   RO          487    x$fpl$frsb          fz_ws.l(faddsub_clz.o)
    0x08004638   0x000000ea   Code   RO          488    x$fpl$fsub          fz_ws.l(faddsub_clz.o)
    0x08004722   0x00000000   Code   RO          523    x$fpl$usenofp       fz_ws.l(usenofp.o)
    0x08004722   0x00000002   PAD
    0x08004724   0x000000e0   Data   RO          119    .constdata          config.o
    0x08004804   0x00000064   Data   RO          164    .constdata          entdata.o
    0x08004868   0x0000002c   Data   RO          372    .constdata          ds1307.o
    0x08004894   0x00000028   Data   RO          429    .constdata          c_w.l(_printf_hex_int.o)
    0x080048bc   0x0000000c   Data   RO          518    .constdata          c_w.l(_monlen.o)
    0x080048c8   0x00000020   Data   RO          679    Region$$Table       anon$$obj.o


    Execution Region RW_IRAM1 (Base: 0x20000000, Size: 0x00001440, Max: 0x00010000, ABSOLUTE)

    Base Addr    Size         Type   Attr      Idx    E Section Name        Object

    0x20000000   0x00000005   Data   RW          120    .data               config.o
    0x20000005   0x00000003   PAD
    0x20000008   0x0000000c   Data   RW          144    .data               control.o
    0x20000014   0x00000009   Data   RW          165    .data               entdata.o
    0x2000001d   0x00000001   PAD
    0x2000001e   0x00000004   Data   RW          188    .data               delay.o
    0x20000022   0x00000002   PAD
    0x20000024   0x0000000b   Data   RW          203    .data               usart.o
    0x2000002f   0x00000001   PAD
    0x20000030   0x00000005   Data   RW          246    .data               timer.o
    0x20000035   0x00000014   Data   RW          266    .data               rs485.o
    0x20000049   0x00000001   Data   RW          285    .data               wdg.o
    0x2000004a   0x00000003   Data   RW          312    .data               flash.o
    0x2000004d   0x00000001   Data   RW          344    .data               gps.o
    0x2000004e   0x00000014   Data   RW          373    .data               ds1307.o
    0x20000062   0x00000002   Data   RW          397    .data               dma.o
    0x20000064   0x000000b2   Zero   RW          118    .bss                config.o
    0x20000116   0x000000a0   Zero   RW          143    .bss                control.o
    0x200001b6   0x000006d4   Zero   RW          163    .bss                entdata.o
    0x2000088a   0x0000023f   Zero   RW          202    .bss                usart.o
    0x20000ac9   0x000000a0   Zero   RW          265    .bss                rs485.o
    0x20000b69   0x00000057   Zero   RW          343    .bss                gps.o
    0x20000bc0   0x00000020   Zero   RW          371    .bss                ds1307.o
    0x20000be0   0x00000060   Zero   RW          558    .bss                c_w.l(libspace.o)
    0x20000c40   0x00000000   Zero   RW            2    HEAP                startup_stm32f10x_hd.o
    0x20000c40   0x00000800   Zero   RW            1    STACK               startup_stm32f10x_hd.o


==============================================================================

Image component sizes


      Code (inc. data)   RO Data    RW Data    ZI Data      Debug   Object Name

      1672        258        224          5        178       4659   config.o
      1916        176          0         12        160       5545   control.o
       176          8          0          4          0        987   delay.o
       120          8          0          2          0       1327   dma.o
      1752        180         44         20         32       9166   ds1307.o
      2044        336        100          9       1748       3460   entdata.o
       652         16          0          3          0       2772   flash.o
      1256         94          0          1         87       2901   gps.o
       584         28          0          0          0       1536   iic.o
       124         20          0          0          0       1121   led.o
      1352         94          0         20        160       4898   rs485.o
       440         24          0          0          0       1446   spi.o
        72         26        304          0       2048        848   startup_stm32f10x_hd.o
       744         48          0          0          0       2783   sys.o
       148          4          0          0          0      17667   test.o
       340         28          0          5          0       1438   timer.o
      1104         78          0         11        575       4270   usart.o
       224         16          0          1          0       1432   wdg.o

    ----------------------------------------------------------------------
     14720       1442        704        100       4988      68256   Object Totals
         0          0         32          0          0          0   (incl. Generated)
         0          0          0          7          0          0   (incl. Padding)

    ----------------------------------------------------------------------

      Code (inc. data)   RO Data    RW Data    ZI Data      Debug   Library Member Name

         8          0          0          0          0         68   __main.o
       104          0          0          0          0         84   __printf.o
         0          0          0          0          0          0   __rtentry.o
        12          0          0          0          0          0   __rtentry2.o
         6          0          0          0          0          0   __rtentry4.o
        52          8          0          0          0          0   __scatter.o
        26          0          0          0          0          0   __scatter_copy.o
        28          0          0          0          0          0   __scatter_zi.o
         0          0         12          0          0          0   _monlen.o
        44          0          0          0          0        108   _printf_char.o
        48          6          0          0          0         96   _printf_char_common.o
        36          4          0          0          0         80   _printf_char_file.o
         6          0          0          0          0          0   _printf_d.o
       120         16          0          0          0         92   _printf_dec.o
        88          4         40          0          0         88   _printf_hex_int.o
       178          0          0          0          0         88   _printf_intcommon.o
         0          0          0          0          0          0   _printf_percent.o
         4          0          0          0          0          0   _printf_percent_end.o
         6          0          0          0          0          0   _printf_s.o
        82          0          0          0          0         80   _printf_str.o
         6          0          0          0          0          0   _printf_x.o
        16          0          0          0          0         68   aeabi_memset.o
        12          0          0          0          0         72   exit.o
         8          0          0          0          0         68   ferror.o
         6          0          0          0          0        152   heapauxi.o
         2          0          0          0          0          0   libinit.o
         2          0          0          0          0          0   libinit2.o
         2          0          0          0          0          0   libshutdown.o
         2          0          0          0          0          0   libshutdown2.o
         8          4          0          0         96         68   libspace.o
       424         10          0          0          0        124   mktime.o
        24          4          0          0          0         84   noretval__2printf.o
        68          0          0          0          0         68   rt_memclr.o
        78          0          0          0          0         80   rt_memclr_w.o
       100          0          0          0          0         80   rt_memcpy_w.o
         2          0          0          0          0          0   rtexit.o
        10          0          0          0          0          0   rtexit2.o
       128          0          0          0          0         68   strcmpv7m.o
        74          0          0          0          0         80   sys_stackheap_outer.o
         2          0          0          0          0         68   use_no_semi.o
         2          0          0          0          0         68   use_no_semi_2.o
       450          8          0          0          0        236   faddsub_clz.o
       388         76          0          0          0         96   fdiv.o
        62          4          0          0          0         84   ffixu.o
        38          0          0          0          0         68   fflt_clz.o
       258          4          0          0          0         84   fmul.o
       140          4          0          0          0         84   fnaninf.o
        10          0          0          0          0         68   fretinf.o
         0          0          0          0          0          0   usenofp.o

    ----------------------------------------------------------------------
      3188        152         52          0         96       2652   Library Totals
        18          0          0          0          0          0   (incl. Padding)

    ----------------------------------------------------------------------

      Code (inc. data)   RO Data    RW Data    ZI Data      Debug   Library Name

      1824         56         52          0         96       1932   c_w.l
      1346         96          0          0          0        720   fz_ws.l

    ----------------------------------------------------------------------
      3188        152         52          0         96       2652   Library Totals

    ----------------------------------------------------------------------

==============================================================================


      Code (inc. data)   RO Data    RW Data    ZI Data      Debug   

     17908       1594        756        100       5084      67836   Grand Totals
     17908       1594        756        100       5084      67836   ELF Image Totals
     17908       1594        756        100          0          0   ROM Totals

==============================================================================

    Total RO  Size (Code + RO Data)                18664 (  18.23kB)
    Total RW  Size (RW Data + ZI Data)              5184 (   5.06kB)
    Total ROM Size (Code + RO Data + RW Data)      18764 (  18.32kB)

==============================================================================

